Archive member included to satisfy reference by file (symbol)

cpu/br50/liba/cpu.a(gpadc.c.o)
                              objs/cpu/br50/setup.c.o (symbol from plugin) (gpadc_mem_init)
cpu/br50/liba/cpu.a(vm_sfc.c.o)
                              objs/apps/common/config/new_cfg_tool.c.o (symbol from plugin) (norflash_read)
cpu/br50/liba/cpu.a(startup.S.o)
                              objs/apps/common/clock_manager/clock_manager.c.o (symbol from plugin) (__cpu_irq_disabled)
cpu/br50/liba/cpu.a(gpadc_hw_v10.c.o)
                              gpadc.c.o (symbol from plugin) (adc_data_res_check)
cpu/br50/liba/cpu.a(clock.c.o)
                              objs/cpu/br50/charge/charge.c.o (symbol from plugin) (udelay)
cpu/br50/liba/cpu.a(crc16.c.o)
                              objs/cpu/br50/setup.c.o (symbol from plugin) (__crc16_mutex_init)
cpu/br50/liba/cpu.a(gpio_func.c.o)
                              objs/audio/cpu/br50/audio_dai/audio_pdm.c.o (symbol from plugin) (gpio_set_function)
cpu/br50/liba/cpu.a(debug.c.o)
                              objs/cpu/br50/setup.c.o (symbol from plugin) (debug_init)
cpu/br50/liba/cpu.a(gpio.c.o)
                              objs/apps/earphone/app_main.c.o (symbol from plugin) (gpio_set_mode)
cpu/br50/liba/cpu.a(trim.c.o)
                              clock.c.o (symbol from plugin) (trim_get_sys_pll_vbg)
cpu/br50/liba/cpu.a(iic_hw_v2.c.o)
                              objs/cpu/components/iic_api.c.o (symbol from plugin) (hw_iic_master_isr_transmit_cfg)
cpu/br50/liba/cpu.a(icache.c.o)
                              vm_sfc.c.o (symbol from plugin) (IcuPfetchRegion)
cpu/br50/liba/cpu.a(lpower_mem.c.o)
                              objs/audio/cpu/br50/audio_setup.c.o (symbol from plugin) (dev_mem_enter_low_power)
cpu/br50/liba/cpu.a(rocache.c.o)
                              vm_sfc.c.o (symbol from plugin) (DcuWaitIdle)
cpu/br50/liba/cpu.a(efuse.c.o)
                              clock.c.o (symbol from plugin) (get_chip_version)
cpu/br50/liba/cpu.a(gpio_hw.c.o)
                              gpio.c.o (symbol from plugin) (gpio_hw_write)
cpu/br50/liba/cpu.a(gpio_irq.c.o)
                              objs/apps/earphone/mode/bt/earphone.c.o (symbol from plugin) (gpio_irq_config)
cpu/br50/liba/cpu.a(inside_flash.c.o)
                              objs/apps/common/update/update.c.o (symbol from plugin) (norflash_set_write_protect)
cpu/br50/liba/cpu.a(gpadc_hw.c.o)
                              gpadc.c.o (symbol from plugin) (adc_adjust_div)
cpu/br50/liba/cpu.a(gptimer.c.o)
                              objs/cpu/components/ir_encoder.c.o (symbol from plugin) (gptimer_init)
cpu/br50/liba/cpu.a(gptimer_hw_v4.c.o)
                              gptimer.c.o (symbol from plugin) (timer_hw_tid2timer)
cpu/br50/liba/cpu.a(p33_io_pinr_v3.c.o0.o)
                              objs/apps/common/device/key/iokey.c.o (symbol from plugin) (gpio_longpress_pin0_reset_config)
cpu/br50/liba/cpu.a(pmu_wakeup.c.o)
                              objs/cpu/br50/charge/charge_config.c.o (symbol from plugin) (p33_io_wakeup_port_init)
cpu/br50/liba/cpu.a(dcdc_cfg_ic.c.o)
                              objs/cpu/br50/power/power_config.c.o (symbol from plugin) (power_set_dcdc_type)
cpu/br50/liba/cpu.a(power_compat.c.o)
                              objs/apps/earphone/app_main.c.o (symbol from plugin) (cpu_reset_by_soft)
cpu/br50/liba/cpu.a(port.c.o)
                              objs/cpu/br50/power/power_app.c.o (symbol from plugin) (init_boot_rom)
cpu/br50/liba/cpu.a(p33.c.o)  clock.c.o (symbol from plugin) (get_dvdd_vol_sel)
cpu/br50/liba/cpu.a(reset.c.o)
                              objs/cpu/br50/charge/charge.c.o (symbol from plugin) (is_reset_source)
cpu/br50/liba/cpu.a(power_driver.c.o)
                              objs/audio/common/audio_event_handler.c.o (symbol from plugin) (lower_power_bt_group_query)
cpu/br50/liba/cpu.a(lp_ipc.c.o)
                              pmu_wakeup.c.o (symbol from plugin) (P33_RESUME)
cpu/br50/liba/cpu.a(wdt_p11.c.o)
                              power_compat.c.o (symbol from plugin) (wdt_disable)
cpu/br50/liba/cpu.a(power_trim.c.o)
                              objs/cpu/br50/power/power_app.c.o (symbol from plugin) (pmu_trim)
cpu/br50/liba/cpu.a(power_hw.c.o)
                              clock.c.o (symbol from plugin) (sys_vol_cfg)
cpu/br50/liba/cpu.a(wvdd_trim.c.o)
                              power_trim.c.o (symbol from plugin) (__wvdd_adaptive_check)
cpu/br50/liba/cpu.a(ana_control_ic.c.o)
                              power_hw.c.o (symbol from plugin) (LS_ENTER_PDOWN)
cpu/br50/liba/cpu.a(peripherals.c.o)
                              vm_sfc.c.o (symbol from plugin) (get_sfc_read_mode)
cpu/br50/liba/cpu.a(lrc.c.o)  objs/cpu/components/led_api.c.o (symbol from plugin) (__get_lrc_hz)
cpu/br50/liba/cpu.a(basic_funt.c.o)
[...]
Memory Configuration

Name             Origin             Length             Attributes
code0            0x04000100         0x00100000         xr
ram0             0x00100300         0x0005fc00         xrw
dlog0            0x20000000         0x00100000         r
*default*        0x00000000         0xffffffff

Linker script and memory map

LOAD objs/apps/common/app_mode_manager/app_mode_manager.c.o
LOAD cpu/br50/tools/sdk.elf.o
LOAD objs/apps/common/bt_common/bt_fre_offset_storage.c.o
LOAD objs/apps/common/cJSON/cJSON.c.o
LOAD objs/apps/common/clock_manager/clock_manager.c.o
LOAD objs/apps/common/debug/debug.c.o
LOAD objs/apps/common/debug/debug_lite.c.o
LOAD objs/apps/common/debug/debug_uart_config.c.o
LOAD objs/apps/common/dev_manager/dev_manager.c.o
LOAD objs/apps/common/device/sensor/app_sensor.c.o
LOAD objs/apps/common/device/storage_device/norflash/norflash_sfc.c.o
LOAD objs/apps/common/fat_nor/virfat_flash.c.o
LOAD objs/apps/common/temp_trim/dtemp_pll_trim.c.o
LOAD objs/apps/earphone/app_main.c.o
LOAD objs/apps/earphone/audio/jlstream_event_handler.c.o
LOAD objs/apps/earphone/audio/scene_switch.c.o
LOAD objs/apps/earphone/audio/tone_table.c.o
LOAD objs/apps/earphone/audio/vol_sync.c.o
LOAD objs/apps/earphone/battery/battery_level.c.o
LOAD objs/apps/earphone/battery/battery_product_manage.c.o
LOAD objs/apps/earphone/battery/charge.c.o
LOAD objs/apps/earphone/battery/charge_clibration.c.o
LOAD objs/apps/earphone/battery/charge_device_handle.c.o
LOAD objs/apps/earphone/battery/charge_store.c.o
LOAD objs/apps/earphone/ble/ble_adv.c.o
LOAD objs/apps/earphone/ble/bt_ble.c.o
LOAD objs/apps/earphone/board/br50/board_config.c.o
LOAD objs/apps/earphone/board/br50/undef_func.c.o
LOAD objs/apps/earphone/board/instruction_forbidden.c.o
LOAD objs/apps/earphone/board/sdk_board_config.c.o
LOAD objs/apps/earphone/demo/att_over_edr_demo.c.o
LOAD objs/apps/earphone/demo/debug_record_demo.c.o
LOAD objs/apps/earphone/demo/pbg_demo.c.o
LOAD objs/apps/earphone/demo/read_sn_demo.c.o
LOAD objs/apps/earphone/demo/trans_data_demo.c.o
LOAD objs/apps/earphone/device_config.c.o
LOAD objs/apps/earphone/log_config/app_config.c.o
LOAD objs/apps/earphone/log_config/lib_btctrler_config.c.o
LOAD objs/apps/earphone/log_config/lib_btstack_config.c.o
LOAD objs/apps/earphone/log_config/lib_driver_config.c.o
LOAD objs/apps/earphone/log_config/lib_media_config.c.o
LOAD objs/apps/earphone/log_config/lib_net_config.c.o
LOAD objs/apps/earphone/log_config/lib_system_config.c.o
LOAD objs/apps/earphone/log_config/lib_update_config.c.o
LOAD objs/apps/earphone/message/adapter/app_msg.c.o
LOAD objs/apps/earphone/message/adapter/audio_player.c.o
LOAD objs/apps/earphone/message/adapter/battery.c.o
LOAD objs/apps/earphone/message/adapter/btstack.c.o
LOAD objs/apps/earphone/message/adapter/driver.c.o
LOAD objs/apps/earphone/message/adapter/eartouch.c.o
LOAD objs/apps/earphone/message/adapter/key.c.o
LOAD objs/apps/earphone/message/adapter/tws.c.o
LOAD objs/apps/earphone/mode/bt/a2dp_play.c.o
LOAD objs/apps/earphone/mode/bt/bt_background.c.o
LOAD objs/apps/earphone/mode/bt/bt_call_kws_handler.c.o
LOAD objs/apps/earphone/mode/bt/bt_event_func.c.o
LOAD objs/apps/earphone/mode/bt/bt_key_func.c.o
LOAD objs/apps/earphone/mode/bt/bt_key_msg_table.c.o
LOAD objs/apps/earphone/mode/bt/bt_net_event.c.o
LOAD objs/apps/earphone/mode/bt/bt_slience_detect.c.o
LOAD objs/apps/earphone/mode/bt/bt_tws.c.o
LOAD objs/apps/earphone/mode/bt/dual_a2dp_play.c.o
LOAD objs/apps/earphone/mode/bt/dual_conn.c.o
LOAD objs/apps/earphone/mode/bt/dual_phone_call.c.o
LOAD objs/apps/earphone/mode/bt/earphone.c.o
LOAD objs/apps/earphone/mode/bt/eartch_event_deal.c.o
LOAD objs/apps/earphone/mode/bt/kws_voice_event_deal.c.o
LOAD objs/apps/earphone/mode/bt/low_latency.c.o
LOAD objs/apps/earphone/mode/bt/phone_call.c.o
LOAD objs/apps/earphone/mode/bt/poweroff.c.o
LOAD objs/apps/earphone/mode/bt/sniff.c.o
LOAD objs/apps/earphone/mode/bt/tone.c.o
LOAD objs/apps/earphone/mode/bt/tws_dual_conn.c.o
LOAD objs/apps/earphone/mode/bt/tws_dual_share.c.o
LOAD objs/apps/earphone/mode/bt/tws_pair_by_chip_conn.c.o
LOAD objs/apps/earphone/mode/bt/tws_phone_call.c.o
LOAD objs/apps/earphone/mode/bt/tws_poweroff.c.o
LOAD objs/apps/earphone/mode/common/app_default_msg_handler.c.o
LOAD objs/apps/earphone/mode/idle/idle.c.o
LOAD objs/apps/earphone/mode/idle/idle_key_msg_table.c.o
LOAD objs/apps/earphone/mode/key_tone.c.o
LOAD objs/apps/earphone/mode/mic_effect/mic_effect.c.o
LOAD objs/apps/earphone/mode/power_on/power_on.c.o
LOAD objs/apps/earphone/test/rssi.c.o
LOAD objs/apps/earphone/test/tws_role_switch.c.o
LOAD objs/apps/earphone/third_part/app_protocol_deal.c.o
LOAD objs/apps/earphone/tools/app_ancbox.c.o
LOAD objs/apps/earphone/tools/app_anctool.c.o
LOAD objs/apps/earphone/tools/app_key_dut.c.o
LOAD objs/apps/earphone/tools/app_testbox.c.o
LOAD objs/apps/earphone/ui/led/led_config.c.o
LOAD objs/apps/earphone/ui/led/led_ui_msg_handler.c.o
LOAD objs/apps/earphone/user_cfg.c.o
LOAD objs/audio/framework/plugs/source/a2dp_file.c.o
LOAD objs/audio/framework/plugs/source/a2dp_streamctrl.c.o
LOAD objs/audio/framework/plugs/source/esco_file.c.o
LOAD objs/audio/framework/plugs/source/adc_file.c.o
LOAD objs/audio/framework/nodes/esco_tx_node.c.o
LOAD objs/audio/framework/nodes/plc_node.c.o
LOAD objs/audio/framework/nodes/volume_node.c.o
LOAD objs/audio/framework/node_list.c.o
LOAD objs/audio/framework/nodes/cvp_dms_node.c.o
LOAD objs/audio/framework/nodes/cvp_develop_node.c.o
LOAD objs/audio/test_tools/audio_dut_control.c.o
LOAD objs/audio/test_tools/audio_dut_control_old.c.o
LOAD objs/audio/common/audio_node_config.c.o
LOAD objs/audio/common/audio_dvol.c.o
LOAD objs/audio/common/audio_general.c.o
LOAD objs/audio/common/audio_build_needed.c.o
LOAD objs/audio/common/online_debug/aud_data_export.c.o
LOAD objs/audio/common/online_debug/audio_online_debug.c.o
LOAD objs/audio/common/online_debug/audio_capture.c.o
LOAD objs/audio/common/audio_plc.c.o
LOAD objs/audio/common/audio_noise_gate.c.o
LOAD objs/audio/common/audio_ns.c.o
LOAD objs/audio/common/audio_utils.c.o
LOAD objs/audio/common/audio_export_demo.c.o
LOAD objs/audio/common/amplitude_statistic.c.o
LOAD objs/audio/common/frame_length_adaptive.c.o
LOAD objs/audio/common/bt_audio_energy_detection.c.o
LOAD objs/audio/common/audio_event_handler.c.o
LOAD objs/audio/common/debug/audio_debug.c.o
LOAD objs/audio/common/power/mic_power_manager.c.o
LOAD objs/audio/common/audio_volume_mixer.c.o
LOAD objs/audio/common/audio_effect_verify.c.o
LOAD objs/audio/common/pcm_data/sine_pcm.c.o
LOAD objs/audio/common/uartPcmSender.c.o
LOAD objs/audio/common/demo/audio_demo.c.o
LOAD objs/audio/common/demo/hw_math_v2_demo.c.o
LOAD objs/audio/interface/player/tone_player.c.o
LOAD objs/audio/interface/player/ring_player.c.o
LOAD objs/audio/interface/player/a2dp_player.c.o
LOAD objs/audio/interface/player/esco_player.c.o
LOAD objs/audio/interface/player/key_tone_player.c.o
LOAD objs/audio/interface/player/dev_flow_player.c.o
LOAD objs/audio/interface/player/adda_loop_player.c.o
LOAD objs/audio/interface/player/ai_rx_player.c.o
LOAD objs/audio/interface/recoder/esco_recoder.c.o
LOAD objs/audio/interface/recoder/dev_flow_recoder.c.o
LOAD objs/audio/interface/user_defined/audio_dsp_low_latency_player.c.o
LOAD objs/audio/interface/user_defined/env_noise_recoder.c.o
LOAD objs/audio/effect/eq_config.c.o
LOAD objs/audio/effect/spk_eq.c.o
LOAD objs/audio/effect/audio_voice_changer_api.c.o
LOAD objs/audio/effect/esco_ul_voice_changer.c.o
LOAD objs/audio/effect/bass_treble.c.o
LOAD objs/audio/effect/audio_dc_offset_remove.c.o
LOAD objs/audio/effect/effects_adj.c.o
LOAD objs/audio/effect/effects_dev.c.o
LOAD objs/audio/effect/effects_default_param.c.o
LOAD objs/audio/effect/node_param_update.c.o
LOAD objs/audio/effect/scene_update.c.o
LOAD objs/audio/framework/nodes/spatial_effects_node.c.o
LOAD objs/audio/common/online_debug/aud_spatial_effect_dut.c.o
LOAD objs/audio/effect/spatial_effect/spatial_effect.c.o
LOAD objs/audio/effect/spatial_effect/spatial_effect_imu.c.o
LOAD objs/audio/effect/spatial_effect/spatial_effect_tws.c.o
LOAD objs/audio/effect/spatial_effect/spatial_imu_trim.c.o
LOAD objs/audio/effect/spatial_effect/spatial_effects_process.c.o
LOAD objs/audio/CVP/audio_aec.c.o
LOAD objs/audio/CVP/audio_cvp.c.o
LOAD objs/audio/CVP/audio_cvp_sms_vf.c.o
LOAD objs/audio/CVP/audio_cvp_dms.c.o
LOAD objs/audio/CVP/audio_cvp_3mic.c.o
LOAD objs/audio/CVP/audio_cvp_v3.c.o
LOAD objs/audio/CVP/audio_cvp_online.c.o
LOAD objs/audio/CVP/audio_cvp_demo.c.o
LOAD objs/audio/CVP/audio_cvp_develop.c.o
LOAD objs/audio/CVP/audio_cvp_sync.c.o
LOAD objs/audio/CVP/audio_cvp_ais_3mic.c.o
LOAD objs/audio/CVP/audio_cvp_ref_task.c.o
LOAD objs/audio/CVP/audio_cvp_config.c.o
LOAD objs/audio/CVP/audio_cvp_elevoc.c.o
LOAD objs/audio/interface/player/tws_tone_player.c.o
LOAD objs/audio/framework/plugs/source/linein_file.c.o
LOAD objs/audio/cpu/common.c.o
LOAD objs/apps/common/lib_version/version_check.c.o
LOAD objs/apps/common/config/bt_profile_config.c.o
LOAD objs/apps/common/lib_log_config/btctrler_log_config.c.o
LOAD objs/apps/common/lib_log_config/btstack_log_config.c.o
LOAD objs/apps/common/lib_log_config/driver_log_config.c.o
LOAD objs/apps/common/lib_log_config/media_log_config.c.o
LOAD objs/apps/common/lib_log_config/net_log_config.c.o
LOAD objs/apps/common/lib_log_config/system_log_config.c.o
LOAD objs/apps/common/lib_log_config/update_log_config.c.o
LOAD objs/apps/common/config/new_cfg_tool.c.o
LOAD objs/apps/common/config/cfg_tool_statistics_functions/cfg_tool_statistics.c.o
LOAD objs/apps/common/config/app_config.c.o
LOAD objs/apps/common/config/ci_transport_uart.c.o
LOAD objs/apps/common/debug/memory_debug.c.o
LOAD objs/apps/common/update/update.c.o
LOAD objs/apps/common/update/testbox_update.c.o
LOAD objs/apps/common/update/testbox_uart_update.c.o
LOAD objs/apps/common/ui/pwm_led/led_ui_api.c.o
LOAD objs/apps/common/ui/pwm_led/led_ui_tws_sync.c.o
LOAD objs/apps/common/third_party_profile/common/3th_profile_api.c.o
LOAD objs/apps/common/third_party_profile/multi_protocol_main.c.o
LOAD objs/apps/common/third_party_profile/multi_protocol_common.c.o
LOAD objs/apps/common/third_party_profile/multi_protocol_event.c.o
LOAD objs/apps/common/third_party_profile/custom_protocol_demo/custom_protocol.c.o
LOAD objs/apps/common/third_party_profile/jieli/online_db/spp_online_db.c.o
LOAD objs/apps/common/third_party_profile/jieli/online_db/online_db_deal.c.o
LOAD objs/apps/common/jldtp/uart_transport.c.o
LOAD objs/apps/common/jldtp/jldtp_manager.c.o
LOAD objs/apps/common/device/key/key_driver.c.o
LOAD objs/apps/common/device/key/iokey.c.o
LOAD objs/apps/common/device/usb/device/usb_pll_trim.c.o
LOAD objs/apps/common/device/usb/device/msd_upgrade.c.o
LOAD objs/cpu/components/iic_soft.c.o
LOAD objs/cpu/components/iic_api.c.o
LOAD objs/cpu/components/ir_encoder.c.o
LOAD objs/cpu/components/ir_decoder.c.o
LOAD objs/cpu/components/rdec_soft.c.o
LOAD objs/cpu/components/led_api.c.o
LOAD objs/cpu/components/two_io_led.c.o
LOAD objs/cpu/config/gpio_file_parse.c.o
LOAD objs/cpu/config/lib_power_config.c.o
LOAD objs/audio/cpu/br50/audio_setup.c.o
LOAD objs/audio/cpu/br50/audio_dai/audio_pdm.c.o
LOAD objs/audio/cpu/br50/audio_config.c.o
LOAD objs/audio/cpu/br50/audio_pmu.c.o
LOAD objs/audio/cpu/br50/audio_configs_dump.c.o
LOAD objs/audio/cpu/br50/audio_accelerator/hw_fft.c.o
LOAD objs/audio/cpu/br50/audio_demo/audio_adc_demo.c.o
LOAD objs/cpu/br50/setup.c.o
LOAD objs/cpu/br50/overlay_code.c.o
LOAD objs/cpu/br50/charge/charge.c.o
LOAD objs/cpu/br50/charge/charge_config.c.o
LOAD objs/cpu/br50/charge/chargestore.c.o
LOAD objs/cpu/br50/charge/chargestore_config.c.o
LOAD objs/cpu/components/pwm_led_v1.c.o
LOAD objs/cpu/br50/power/key_wakeup.c.o
LOAD objs/cpu/br50/power/power_app.c.o
LOAD objs/cpu/br50/power/power_config.c.o
LOAD objs/cpu/br50/power/power_port.c.o
LOAD objs/apps/earphone/sdk_version.z.S.o
START GROUP
LOAD cpu/br50/liba/cpu.a
LOAD cpu/br50/liba/system.a
LOAD cpu/br50/liba/btstack.a
LOAD cpu/br50/liba/bt_hash_enc.a
LOAD cpu/br50/liba/rcsp_stack.a
LOAD cpu/br50/liba/lib_jl_earbox.a
LOAD cpu/br50/liba/google_fps.a
LOAD cpu/br50/liba/libdma-protocol.a
LOAD cpu/br50/liba/libdma-device-ota.a
LOAD cpu/br50/liba/fmna_stack.a
LOAD cpu/br50/liba/lib_fmy_auth_br50.a
LOAD cpu/br50/liba/swift_pair.a
LOAD cpu/br50/liba/ximalaya_lib.a
LOAD cpu/br50/liba/btctrler.a
LOAD cpu/br50/liba/aec.a
LOAD cpu/br50/liba/media.a
LOAD cpu/br50/liba/libepmotion.a
LOAD cpu/br50/liba/libAptFilt_pi32v2_OnChip.a
LOAD cpu/br50/liba/libSMSVF_TDE_pi32v2_OnChip.a
LOAD cpu/br50/liba/libEchoSuppress_pi32v2_OnChip.a
LOAD cpu/br50/liba/libNoiseSuppress_pi32v2_OnChip.a
LOAD cpu/br50/liba/libSplittingFilter_pi32v2_OnChip.a
LOAD cpu/br50/liba/libDelayEstimate_pi32v2_OnChip.a
LOAD cpu/br50/liba/libDualMicSystem_pi32v2_OnChip.a
LOAD cpu/br50/liba/libDualMicSystem_flexible_pi32v2_OnChip.a
LOAD cpu/br50/liba/libDualMicSystem_Hybrid.a
LOAD cpu/br50/liba/libDualMicSystem_Awn.a
LOAD cpu/br50/liba/libAdaptiveEchoSuppress_pi32v2_OnChip.a
LOAD cpu/br50/liba/libOpcore_maskrom_pi32v2_OnChip.a
LOAD cpu/br50/liba/lib_advaudio_plc.a
LOAD cpu/br50/liba/lib_esco_audio_plc.a
LOAD cpu/br50/liba/noisegate.a
LOAD cpu/br50/liba/lib_resample_cal.a
LOAD cpu/br50/liba/lib_resample_fast_cal.a
LOAD cpu/br50/liba/sbc_eng_lib.a
LOAD cpu/br50/liba/lib_sbc_msbc.a
LOAD cpu/br50/liba/lib_mp3_dec.a
LOAD cpu/br50/liba/lib_f2a_dec.a
LOAD cpu/br50/liba/mp3_decstream_lib.a
LOAD cpu/br50/liba/lib_JLVOcodec_encode.a
LOAD cpu/br50/liba/lib_JLVOcodec_decode.a
LOAD cpu/br50/liba/lib_speex_codec.a
LOAD cpu/br50/liba/lib_mty_dec.a
LOAD cpu/br50/liba/lib_wav_dec.a
LOAD cpu/br50/liba/lib_flac_dec.a
LOAD cpu/br50/liba/lib_m4a_dec.a
LOAD cpu/br50/liba/lib_ape_dec.a
LOAD cpu/br50/liba/lib_wma_dec.a
LOAD cpu/br50/liba/libLHDCv4DecodeLib.a
LOAD cpu/br50/liba/libLHDCv5DecodeLib.a
LOAD cpu/br50/liba/lib_ldac_dec.a
LOAD cpu/br50/liba/lib_ldac_enc.a
LOAD cpu/br50/liba/agreement.a
LOAD cpu/br50/liba/opus_enc_lib.a
LOAD cpu/br50/liba/lib_ogg_opus_dec.a
LOAD cpu/br50/liba/mp3_enc_lib.a
LOAD cpu/br50/liba/lib_mp2_code.a
LOAD cpu/br50/liba/libjlsp.a
LOAD cpu/br50/liba/lib_nn_v3.a
LOAD cpu/br50/liba/lib_nn_v3_params.a
LOAD cpu/br50/liba/libjlsp_kws.a
LOAD cpu/br50/liba/libjlsp_kws_far_keyword.a
LOAD cpu/br50/liba/libjlsp_kws_india_english.a
LOAD cpu/br50/liba/libkwscommon.a
LOAD cpu/br50/liba/JL_Phone_Call.a
LOAD cpu/br50/liba/crossover_coff.a
LOAD cpu/br50/liba/drc.a
LOAD cpu/br50/liba/lib_drc_advance.a
LOAD cpu/br50/liba/lib_voiceChanger.a
LOAD cpu/br50/liba/VirtualBass.a
LOAD cpu/br50/liba/lib_virtual_bass_classic.a
LOAD cpu/br50/liba/lib_virtual_bass_pro.a
LOAD cpu/br50/liba/DynamicEQ.a
LOAD cpu/br50/liba/DynamicEQPro.a
LOAD cpu/br50/liba/lib_point360_td.a
LOAD cpu/br50/liba/SensorCalib.a
LOAD cpu/br50/liba/SpatialAudio.a
LOAD cpu/br50/liba/spatial_imp.a
LOAD cpu/br50/liba/SomatosensoryControl.a
LOAD cpu/br50/liba/3DSpatial.a
LOAD cpu/br50/liba/lib_plateReverb_adv.a
LOAD cpu/br50/liba/lib_reverb_cal.a
LOAD cpu/br50/liba/lib_AutoWah.a
LOAD cpu/br50/liba/lib_Chorus.a
LOAD cpu/br50/liba/lib_FrequencyShift.a
LOAD cpu/br50/liba/howling.a
LOAD cpu/br50/liba/lib_HarmonicExciter.a
LOAD cpu/br50/liba/libllns.a
LOAD cpu/br50/liba/lib_llns_dns.a
LOAD cpu/br50/liba/lib_icsd_common_v2.a
LOAD cpu/br50/liba/lib_icsd_anc_v2.a
LOAD cpu/br50/liba/lib_icsd_adt.a
LOAD cpu/br50/liba/lib_icsd_rt_anc.a
LOAD cpu/br50/liba/lib_icsd_dot.a
LOAD cpu/br50/liba/lib_icsd_aeq.a
LOAD cpu/br50/liba/lib_icsd_afq.a
LOAD cpu/br50/liba/lib_icsd_cmp.a
LOAD cpu/br50/liba/lib_icsd_wind.a
LOAD cpu/br50/liba/lib_icsd_wat.a
LOAD cpu/br50/liba/lib_icsd_vdt.a
LOAD cpu/br50/liba/lib_icsd_ein.a
LOAD cpu/br50/liba/lib_icsd_envnl.a
LOAD cpu/br50/liba/lib_icsd_avc.a
LOAD cpu/br50/liba/lib_icsd_adjdcc.a
LOAD cpu/br50/liba/lib_icsd_howl.a
LOAD cpu/br50/liba/lib_ThreeD_effect.a
LOAD cpu/br50/liba/lib_SurroundEffect.a
LOAD cpu/br50/liba/lib_limiter.a
LOAD cpu/br50/liba/lib_iir_filter.a
LOAD cpu/br50/liba/spatial_adv.a
LOAD cpu/br50/liba/le_audio_profile.a
LOAD cpu/br50/liba/lib_jla_codec.a
LOAD cpu/br50/liba/lib_lc3_codec.a
LOAD cpu/br50/liba/lib_jl_codec_common.a
LOAD cpu/br50/liba/lib_jla_v2_codec.a
LOAD cpu/br50/liba/lib_noisegate_pro.a
LOAD cpu/br50/liba/lib_PcmDelay.a
LOAD cpu/br50/liba/lib_StereoWidener.a
LOAD cpu/br50/liba/lib_eq_design_coeff.a
LOAD cpu/br50/liba/libSAS_pi32v2_OnChip.a
LOAD cpu/br50/liba/lib_phaser.a
LOAD cpu/br50/liba/lib_flanger.a
LOAD cpu/br50/liba/lib_chorus_adv.a
LOAD cpu/br50/liba/lib_pingpong_echo.a
LOAD cpu/br50/liba/libStereoSpatialWider_pi32v2_OnChip.a
LOAD cpu/br50/liba/libdistortion.a
LOAD cpu/br50/liba/lib_frequency_compressor.a
LOAD cpu/br50/liba/lib_gain_mix.a
LOAD cpu/br50/liba/liblhdc_x_edge.a
LOAD cpu/br50/liba/libStereoToLCR_pi32v2_OnChip.a
LOAD cpu/br50/liba/sbsbrir.a
LOAD cpu/br50/liba/spatial_brir.a
LOAD cpu/br50/liba/libevecore_enn_pi32v2_312.a
LOAD cpu/br50/liba/lib_elevoc_2p1_312.a
LOAD apps/common/device/sensor/gSensor/sensor_algorithm_jl_motion.a
LOAD apps/common/device/sensor/hr_sensor/hx3918/CodeBlocks_3605_spo2_20241021_v2.2.a
LOAD apps/common/device/sensor/hr_sensor/hx3918/CodeBlocks_3918_hrs_bp_20250324_v2.2.a
LOAD apps/common/device/sensor/hr_sensor/hx3918/CodeBlocks_3918_hrv_20241026_v2.2.a
LOAD apps/common/device/sensor/hr_sensor/hx3011/CodeBlocks_3011_hrs_spo2_20250606_v2.2.a
LOAD cpu/br50/liba/libFFT_pi32v2_OnChip.a
LOAD cpu/br50/liba/lib_wtg_dec.a
LOAD cpu/br50/liba/bfilterfun_lib.a
LOAD cpu/br50/liba/lib_wtgv2_dec.a
LOAD cpu/br50/liba/lib_bt_aac_dec_rom_ext.a
LOAD cpu/br50/liba/crypto_toolbox_Osize.a
LOAD cpu/br50/liba/lib_dns.a
LOAD cpu/br50/liba/lib_dns_v3.a
LOAD cpu/br50/liba/update.a
LOAD cpu/br50/liba/cbuf.a
LOAD cpu/br50/liba/lbuf.a
LOAD cpu/br50/liba/printf.a
LOAD cpu/br50/liba/device.a
LOAD cpu/br50/liba/fs.a
LOAD cpu/br50/liba/ascii.a
LOAD cpu/br50/liba/cfg_tool.a
LOAD cpu/br50/liba/vm.a
LOAD cpu/br50/liba/ftl.a
LOAD cpu/br50/liba/debug_record.a
LOAD cpu/br50/liba/lzma_dec.a
LOAD cpu/br50/liba/chargestore.a
LOAD cpu/br50/liba/math_fast_func.a
LOAD cpu/br50/liba/jldtp.a
LOAD cpu/br50/liba/printf.a
LOAD cpu/br50/liba/cbuf.a
LOAD cpu/br50/liba/vm.a
LOAD cpu/br50/liba/fs.a
LOAD cpu/br50/liba/cfg_tool.a
END GROUP
                0x000fff14                lp_signature_set = 0xfff14
                0x000fff18                memcpy = 0xfff18
                0x000fff1c                memmove = 0xfff1c
                0x000fff20                memcmp = 0xfff20
                0x000fff24                memset = 0xfff24
                0x000fff28                strcmp = 0xfff28
                0x000fff2c                strcpy = 0xfff2c
                0x000fff30                strncpy = 0xfff30
                0x000fff34                strncmp = 0xfff34
                0x000fff38                strchr = 0xfff38
                0x000fff3c                __udivmoddi4 = 0xfff3c
                0x000fff40                ic_pll_init = 0xfff40
                0x000fff44                sfc_suspend = 0xfff44
                0x000fff48                sfc_resume = 0xfff48
                0x000fff4c                sfc_drop_cache = 0xfff4c
                0x000fff50                DcuInitial = 0xfff50
                0x000fff54                DcuFlushinvAll = 0xfff54
                0x000fff58                DcuWaitIdle = 0xfff58
                0x000fff5c                IcuInitial = 0xfff5c
                0x000fff60                IcuFlushinvAll = 0xfff60
                0x000fff64                IcuWaitIdle = 0xfff64
                0x000fff68                chip_crc16 = 0xfff68
                0x000fff6c                CrcDecode = 0xfff6c
                0x000fff70                mask_init = 0xfff70
                0x000fff78                nvram_set_boot_state = 0xfff78
                0x000fff8c                doe = 0xfff8c
                0x000fff90                LZ4_setStreamDecode = 0xfff90
                0x000fff94                LZ4_decompress_safe_continue = 0xfff94
                0x000fff98                LZ4_decompress_generic = 0xfff98
                0x000fff9c                LZ4_decompress_safe_usingDict = 0xfff9c
                0x000fffa0                dec_isd_cfg_ini = 0xfffa0
                0x000fffb0                ota_jump_mode = 0xfffb0
                0x000fffc0                snprintf = 0xfffc0
                0x000fffc4                vsnprintf = 0xfffc4
                0x000fffc8                sprintf = 0xfffc8
                0x000fffcc                vprintf = 0xfffcc
                0x00100280                efuse_page0 = 0x100280
                0x00100284                efuse_page2 = 0x100284
                0x00100288                efuse_page3 = 0x100288
                0x000fffd0                get_aacrom_ops = 0xfffd0
                0x000fffd4                bt_aac_eng_buf_size = 0xfffd4
                0x000fffd8                bt_aac_eng_run = 0xfffd8
                0x000fffdc                bt_aac_decode = 0xfffdc
                0x000fffe0                aac_frame_decode = 0xfffe0
                0x000fffe4                raw_data_block = 0xfffe4
                0x000fffe8                channel_pair_element = 0xfffe8
                0x000fffec                individual_channel_stream = 0xfffec
                0x000ffff0                reconstruct_channel_pair = 0xffff0
                0x000ffff4                single_lfe_channel_element = 0xffff4
                0x000ffff8                huffman_spectral_data = 0xffff8
                0x000f71a0                mdct_tab_256 = 0xf71a0
                0x000f73a0                mdct_tab_2048 = 0xf73a0
                0x000f83a0                sine_long_1024 = 0xf83a0
                0x000f93a0                sine_short_128 = 0xf93a0
                0x000f95a0                kbd_long_1024 = 0xf95a0
                0x000fa5a0                kbd_short_128 = 0xfa5a0
                0x000fa804                Huffmancb_SCL = 0xfa804
                0x000faa14                num_swb_960_window = 0xfaa14
                0x000faa20                num_swb_1024_window = 0xfaa20
                0x000faa2c                num_swb_128_window = 0xfaa2c
                0x000faa38                swb_offset_1024_96 = 0xfaa38
                0x000faa8c                swb_offset_128_96 = 0xfaa8c
                0x000faaa6                swb_offset_1024_64 = 0xfaaa6
                0x000fab06                swb_offset_128_64 = 0xfab06
                0x000fab20                swb_offset_1024_48 = 0xfab20
                0x000fab84                swb_offset_128_48 = 0xfab84
                0x000faba2                swb_offset_1024_32 = 0xfaba2
                0x000fac0a                swb_offset_1024_24 = 0xfac0a
                0x000fac6a                swb_offset_128_24 = 0xfac6a
                0x000fac8a                swb_offset_1024_16 = 0xfac8a
                0x000face2                swb_offset_128_16 = 0xface2
                0x000fad02                swb_offset_1024_8 = 0xfad02
                0x000fad54                swb_offset_128_8 = 0xfad54
                0x000fad74                swb_offset_1024_window = 0xfad74
                0x000fada4                swb_offset_128_window = 0xfada4
                0x000fadd4                iq_table = 0xfadd4
                0x000fb1d8                tns_coef_0_3 = 0xfb1d8
                0x000fb218                tns_coef_0_4 = 0xfb218
                0x000fb258                tns_coef_1_3 = 0xfb258
                0x000fb298                tns_coef_1_4 = 0xfb298
                0x000fb2d8                pow05_table = 0xfb2d8
                0x000fa7a0                sample_rates = 0xfa7a0
                0x000fb2f4                pred_sfb_max = 0xfb2f4
                0x000fb300                tns_sbf_max = 0xfb300
                0x000fb340                Huffmancb_1 = 0xfb340
                0x000fb4d8                Huffmancb_2 = 0xfb4d8
                0x000fb610                Huffmancb_3 = 0xfb610
                0x000fb748                Huffmancb_4 = 0xfb748
                0x000fb878                Huffmancb_5 = 0xfb878
                0x000fb9c0                Huffmancb_6 = 0xfb9c0
                0x000fbb00                Huffmancb_7 = 0xfbb00
                0x000fbbf8                Huffmancb_8 = 0xfbbf8
                0x000fbcf0                Huffmancb_9 = 0xfbcf0
                0x000fbf90                Huffmancb_10 = 0xfbf90
                0x000fc220                Huffmancb_11 = 0xfc220
                0x000fc6e0                AACcodeBookDTable = 0xfc6e0
                0x000faa0c                AAC_SFHUFF_TAB = 0xfaa0c
                0x000ffffc                get_cvsd_codec_ops = 0xffffc
                0x000f3ab0                STFT_Win_FixHalf_M512_D160 = 0xf3ab0
                0x000f3eb0                STFT_Win_FixHalf_M256_D160 = 0xf3eb0
                0x000f40b0                STFT_Win_FixHalf_M256_D80 = 0xf40b0
                0x000f42b0                STFT_Win_FixHalf_M128_D80 = 0xf42b0
                0x000f02b0                WOLAAnalysisFilter_Float_M64_m4_r1 = 0xf02b0
                0x000f06b0                WOLASynthesisFilter_Float_M64_m4_r1 = 0xf06b0
                0x000f0ab0                WOLAAnalysisFilter_Float_M128_m4_r1 = 0xf0ab0
                0x000f12b0                WOLASynthesisFilter_Float_M128_m4_r1 = 0xf12b0
                0x000f1ab0                WOLAAnalysisFilter_Float_M256_m4_r1 = 0xf1ab0
                0x000f2ab0                WOLASynthesisFilter_Float_M256_m4_r1 = 0xf2ab0
                0x00100000                _IRQ_MEM_ADDR = 0x100000
                0x00100000                _RAM_LIMIT_L = 0x100000
                0x00100c0c                _MASK_USED_MEM_END = 0x100c0c
                0x00100200                _MASK_EXPORT_MEM_BEGIN = 0x100200
                0x00000100                _MASK_EXPORT_MEM_SIZE = 0x100
                0x00000100                UPDATA_SIZE = 0x100
                0x0015ff00                UPDATA_BEG = (0x160000 - UPDATA_SIZE)
                0x002f0000                UPDATA_BREDR_BASE_BEG = 0x2f0000
                0x00100300                RAM_LIMIT_L = (_MASK_EXPORT_MEM_BEGIN + _MASK_EXPORT_MEM_SIZE)
                0x0015ff00                RAM_LIMIT_H = UPDATA_BEG
                0x0005fc00                PHY_RAM_SIZE = (RAM_LIMIT_H - RAM_LIMIT_L)
                0x00100000                ISR_BASE = _IRQ_MEM_ADDR
                0x00000100                ROM_RAM_SIZE = _MASK_EXPORT_MEM_SIZE
                0x00100200                ROM_RAM_BEG = _MASK_EXPORT_MEM_BEGIN
                0x00100300                RAM0_BEG = RAM_LIMIT_L
                0x0015ff00                RAM0_END = RAM_LIMIT_H
                0x0005fc00                RAM0_SIZE = (RAM0_END - RAM0_BEG)
                0x00100300                RAM1_BEG = RAM_LIMIT_L
                0x00100300                RAM1_END = RAM0_BEG
                0x00000000                RAM1_SIZE = (RAM1_END - RAM1_BEG)
                0x04000100                CODE_BEG = 0x4000100
                0x00100300                . = ORIGIN (ram0)

.boot_info      0x00100300       0x80
 *(.boot_info)
 .boot_info     0x00100300       0x28 cpu/br50/tools/sdk.elf.o
                0x00100380                . = ALIGN (0x80)
 *fill*         0x00100328       0x58 

.irq_stack      0x00100380     0x1800
                0x00100380                _cpu0_sstack_begin = .
 *(.cpu0_stack)
 .cpu0_stack    0x00100380      0xc00 cpu/br50/liba/cpu.a(startup.S.o)
                0x00100f80                _cpu0_stack
                0x00100f80                _cpu0_sstack_end = .
                0x00100f80                . = ALIGN (0x4)
                0x00100f80                _cpu1_sstack_begin = .
 *(.cpu1_stack)
 .cpu1_stack    0x00100f80      0xc00 cpu/br50/liba/cpu.a(startup.S.o)
                0x00101b80                _cpu1_stack
                0x00101b80                _cpu1_sstack_end = .
                0x00101b80                . = ALIGN (0x4)
                0x00101b80                os_data_code_start = .

.os_data_code   0x00101b80     0x2370
                0x00101b80                . = ALIGN (0x4)
 *(.os.data)
 .os.data       0x00101b80        0x8 cpu/br50/tools/sdk.elf.o
 *(.os_port_data)
 *(.os_str)
 *(.os_data)
                0x00101b88                . = ALIGN (0x4)
 *(.os.text.str)
 .os.text.str   0x00101b88      0x77d cpu/br50/tools/sdk.elf.o
 *(.os.text)
 *fill*         0x00102305        0x1 
 .os.text       0x00102306     0x1a26 cpu/br50/tools/sdk.elf.o
                0x00102b46                task_info_enter_critical
                0x00102b5c                task_info_exit_critical
                0x00103ce2                maskrom_init
 *(.os_critical_code)
 .os_critical_code
                0x00103d2c      0x1c2 cpu/br50/tools/sdk.elf.o
 *(.os_port_code)
 *(.os_port_const)
 *(.os_const)
 *(.os_code)
                0x00103ef0                . = ALIGN (0x4)
 *fill*         0x00103eee        0x2 
                0x00103ef0                os_data_code_end = .

.mmu_tlb        0x00104000     0x2400
 *(.mmu_tlb_segment)
 .mmu_tlb_segment
                0x00104000     0x2400 cpu/br50/tools/sdk.elf.o

.debug_record_ram
                0x00106400        0x0
                0x00106400                . = ALIGN (0x4)
 *(.debug_record)
                0x00106400                . = ALIGN (0x4)

.data_code      0x00106400     0x2540
                0x00106400                data_code_pc_limit_begin = .
 *(.flushinv_icache)
 *(.cache)
 .cache         0x00106400      0x174 cpu/br50/tools/sdk.elf.o
 *(.volatile_ram_code)
 .volatile_ram_code
                0x00106574     0x1644 cpu/br50/tools/sdk.elf.o
                0x00106a30                exception_analyze
 .volatile_ram_code
                0x00107bb8       0x7e cpu/br50/liba/cpu.a(startup.S.o)
                0x00107bd8                cpu1_start
                0x00107bec                __cpu_irq_disabled
                0x00107c10                cpu1_power_off_resume_S
                0x00107c1c                __BT_UPDATA_JUMP
                0x00107c22                exception_irq_handler
 .volatile_ram_code
                0x00107c36       0x5a cpu/br50/liba/system.a(movable.S.o)
                0x00107c36                movable_swi_entry
                0x00107c90                . = ALIGN (0x4)
 *(.power_driver.text.cache.L1)
 .power_driver.text.cache.L1
                0x00107c90      0xcb0 cpu/br50/tools/sdk.elf.o
                0x001084a4                p33_soft_reset
                0x00108940                . = ALIGN (0x4)
 *(.cache)
                0x00108940                . = ALIGN (0x4)
                0x00108940                . = ALIGN (0x4)
                0x00108940                . = ALIGN (0x4)
 *(.os_code)
                0x00108940                . = ALIGN (0x4)

.data_code_z    0x00108940     0x1cc0
                0x00108940                . = ALIGN (0x4)
 *(.chargebox_code)
 *(.movable.stub.1)
 *(.*.text.cache.L1)
 .os.text.cache.L1
                0x00108940      0xbf4 cpu/br50/tools/sdk.elf.o
                0x001089d6                jiffies_msec
                0x00108b8a                jiffies_msec2offset
                0x00108bac                jiffies_offset2msec
                0x00108bba                vmalloc_
                0x00108d9e                vfree_
                0x00108f3e                jiffies_usec
                0x00108f6e                task_info_get_time
                0x00108f90                jiffies_usec2offset
                0x00108fc8                task_info_update_runtime
                0x00109024                audio_jiffies_usec
                0x0010904c                exception_unlock_jiffies
                0x00109126                cpu1_power_off_resume
                0x0010919e                vcopy_
                0x00109208                vfree_v2
                0x00109374                vmalloc_v2
                0x00109520                jiffies_offset2usec
 .clock.text.cache.L1
                0x00109534      0x3c8 cpu/br50/tools/sdk.elf.o
 .memory.text.cache.L1
                0x001098fc       0x7a cpu/br50/tools/sdk.elf.o
 *fill*         0x00109976        0x2 
 .usb.text.cache.L1
                0x00109978       0x56 cpu/br50/tools/sdk.elf.o
 *fill*         0x001099ce        0x2 
 .baseband.text.cache.L1
                0x001099d0      0x4b4 cpu/br50/tools/sdk.elf.o
 .audio.text.cache.L1
                0x00109e84       0x18 cpu/br50/tools/sdk.elf.o
 .vm_spi.text.cache.L1
                0x00109e9c      0x192 cpu/br50/tools/sdk.elf.o
 *fill*         0x0010a02e        0x2 
 .classic.text.cache.L1
                0x0010a030      0x140 cpu/br50/tools/sdk.elf.o
 .hw_eq_irq_handler.text.cache.L1
                0x0010a170       0x12 cpu/br50/tools/sdk.elf.o
 *(.ui_ram)
 *(.math_fast_funtion_code)
                0x0010a184                . = ALIGN (0x4)
 *fill*         0x0010a182        0x2 
                0x0010a184                _SPI_CODE_START = .
 *(.spi_code)
 .spi_code      0x0010a184      0x47a cpu/br50/tools/sdk.elf.o
                0x0010a600                . = ALIGN (0x4)
 *fill*         0x0010a5fe        0x2 
                0x0010a600                _SPI_CODE_END = .
                0x0010a600                . = ALIGN (0x4)
                0x0010a600                media_data_code_start = .
                0x0010a600                . = ALIGN (0x4)
 *(.kws_common_data_multi_26k)
 *(.jlsp_kws_music_code)
 *(.jlsp_kws_music_const)
 *(.jlsp_far_keyword_const)
 *(.jlsp_far_keyword_code)
 *(.jlsp_far_front_code)
 *(.jlsp_far_front_const)
                0x0010a600                . = ALIGN (0x4)
 *(.pSOUND360TD_cal_sparse_code)
 *(.pSOUND360TD_cal_code)
 *(.pSOUND360TD_cal_const)
 *(.spatial_mem)
 *(.TDSpatial.text)
 *(.TDSpatial.text.cache.L2.code)
 *(.ldac_dec.text)
 *(.ldac_dec.text.const)
 *(.ldac.text)
 *(.ldac.text.const)
 *(.ldac_dec.text.cache.L2.run)
 *(.ldac_dec.text.cache.L2.const)
                0x0010a600                . = ALIGN (0x4)
 *(.jla_dec.text.const)
 *(.jla_dec.text)
 *(.jla_enc.text.const)
 *(.jla_enc.text)
 *(.jla_codec_c_const)
 *(.jla_codec_c_code)
 *(.jla_codec_c_sparse_code)
 *(.jla_codec_d_code)
 *(.jla_codec_e_code)
                0x0010a600                . = ALIGN (0x4)
 *(.jl_codec_c_const)
 *(.jl_codec_c_code)
 *(.jl_codec_ari_c_const)
 *(.jl_codec_ari_c_code)
 *(.jl_codec_c_sparse_code)
 *(.jl_codec_d_code)
 *(.jl_codec_e_code)
 *(.jl_codec_const)
 *(.jl_plc_c_code)
 *(.jl_plc_c_const)
 *(.jl_codec_t8k_code)
 *(.jl_codec_t16k_code)
 *(.jl_codec_t24k_code)
 *(.jl_codec_t32k_code)
 *(.jl_codec_t441k_code)
 *(.dac_io_irq_handler.text.cache.L2)
                0x0010a600                . = ALIGN (0x4)
                0x0010a600                media_data_code_end = .
                0x00000000                media_data_code_size = (media_data_code_end - media_data_code_start)
                0x0010a600                . = ALIGN (0x4)
                0x0010a600                __report_overlay_begin = .
                0x0010a600                overlay_code_begin = .

.overlay_init   0x0010a600     0x293c load address 0x00200000
 *(.rf_init.text.cache.L2)
 .rf_init.text.cache.L2
                0x0010a600     0x293c cpu/br50/tools/sdk.elf.o
                [!provide]                PROVIDE (__load_start_overlay_init, LOADADDR (.overlay_init))
                [!provide]                PROVIDE (__load_stop_overlay_init, (LOADADDR (.overlay_init) + SIZEOF (.overlay_init)))

.overlay_aec    0x0010a600      0xa3c load address 0x0020293c
                0x0010a600                aec_code_begin = .
                0x0010a600                . = ALIGN (0x4)
 *(.text._*)
 *(.jlsp_aec_code)
 *(.jlsp_aec_const)
 *(.nlp_code)
 *(.nlp_const)
 *(.qmf_code)
 *(.qmf_const)
 *(.jlsp_nlp_code)
 *(.jlsp_nlp_const)
 *(.ns_code)
 *(.ns_const)
                0x0010a600                . = ALIGN (0x4)
 *(.aec_mem)
 *(.aec_mux)
 *(.aec_code)
 *(.aec_const)
 *(.res_code)
 *(.res_const)
 *(.bark_const)
 *(.der_code)
 *(.der_const)
 *(.agc_code)
 *(.agc_const)
 *(.jlsp_agc_code)
 *(.jlsp_agc_const)
 *(.dms_code)
 *(.dms_const)
 *(.jlsp_enc_code)
 *(.jlsp_enc_const)
 *(.jlsp_dms_hybrid_code)
 *(.jlsp_dms_hybrid_const)
 *(.jlsp_dms_awn_code)
 *(.jlsp_dms_awn_const)
                0x0010a600                . = ALIGN (0x4)
 *(.dns_common_data)
 *(.dns_param_data_single)
 *(.dns_param_data_dual)
                0x0010a600                . = ALIGN (0x4)
 *(.jlsp_prep_code)
 *(.jlsp_prep_const)
 *(.jlsp_wn_code)
 *(.jlsp_wn_const)
 *(.jlsp_tri_code)
 *(.jlsp_tri_const)
                0x0010a600                aec_code_end = .
                0x00000000                aec_code_size = (aec_code_end - aec_code_begin)
 *(.msbc_enc)
 *(.msbc_code)
 *(.msbc_const)
 *(.msbc_codec_code)
 *(.msbc_codec_const)
 *(.cvsd_codec)
 *(.cvsd_code)
 *(.cvsd_const)
                0x0010a600                . = ALIGN (0x4)
 *(.ele_data_o1)
 *(.ele_code_o1)
 .ele_code_o1   0x0010a600      0xa3c cpu/br50/tools/sdk.elf.o
                0x0010b03c                . = ALIGN (0x4)
                [!provide]                PROVIDE (__load_start_overlay_aec, LOADADDR (.overlay_aec))
                [!provide]                PROVIDE (__load_stop_overlay_aec, (LOADADDR (.overlay_aec) + SIZEOF (.overlay_aec)))

.overlay_aac    0x0010a600        0x0 load address 0x00203378
                0x0010a600                aac_dec_code_begin = .
 *(.bt_aac_dec_code)
 *(.bt_aac_dec_sparse_code)
                0x0010a600                aac_dec_code_end = .
                0x00000000                aac_dec_code_size = (aac_dec_code_end - aac_dec_code_begin)
                0x0010a600                . = ALIGN (0x4)
                0x0010a600                bt_aac_dec_const_begin = .
 *(.bt_aac_dec_const)
 *(.bt_aac_dec_sparse_const)
                0x0010a600                bt_aac_dec_const_end = .
                0x00000000                bt_aac_dec_const_size = (bt_aac_dec_const_end - bt_aac_dec_const_begin)
                0x0010a600                . = ALIGN (0x4)
 *(.aac_mem)
 *(.aac_ctrl_mem)
                [!provide]                PROVIDE (__load_start_overlay_aac, LOADADDR (.overlay_aac))
                [!provide]                PROVIDE (__load_stop_overlay_aac, (LOADADDR (.overlay_aac) + SIZEOF (.overlay_aac)))

.overlay_mp3    0x0010a600        0x0 load address 0x00203378
 *(.mp3_mem)
 *(.mp3_ctrl_mem)
 *(.mp3pick_mem)
 *(.mp3pick_ctrl_mem)
 *(.dec2tws_mem)
                [!provide]                PROVIDE (__load_start_overlay_mp3, LOADADDR (.overlay_mp3))
                [!provide]                PROVIDE (__load_stop_overlay_mp3, (LOADADDR (.overlay_mp3) + SIZEOF (.overlay_mp3)))

.overlay_wma    0x0010a600        0x0 load address 0x00203378
 *(.wma_mem)
 *(.wma_ctrl_mem)
 *(.wmapick_mem)
 *(.wmapick_ctrl_mem)
                [!provide]                PROVIDE (__load_start_overlay_wma, LOADADDR (.overlay_wma))
                [!provide]                PROVIDE (__load_stop_overlay_wma, (LOADADDR (.overlay_wma) + SIZEOF (.overlay_wma)))

.overlay_wav    0x0010a600        0x0 load address 0x00203378
 *(.wav_mem)
 *(.wav_ctrl_mem)
                [!provide]                PROVIDE (__load_start_overlay_wav, LOADADDR (.overlay_wav))
                [!provide]                PROVIDE (__load_stop_overlay_wav, (LOADADDR (.overlay_wav) + SIZEOF (.overlay_wav)))

.overlay_ape    0x0010a600        0x0 load address 0x00203378
 *(.ape_mem)
 *(.ape_ctrl_mem)
                [!provide]                PROVIDE (__load_start_overlay_ape, LOADADDR (.overlay_ape))
                [!provide]                PROVIDE (__load_stop_overlay_ape, (LOADADDR (.overlay_ape) + SIZEOF (.overlay_ape)))

.overlay_flac   0x0010a600        0x0 load address 0x00203378
 *(.flac_mem)
 *(.flac_ctrl_mem)
                [!provide]                PROVIDE (__load_start_overlay_flac, LOADADDR (.overlay_flac))
                [!provide]                PROVIDE (__load_stop_overlay_flac, (LOADADDR (.overlay_flac) + SIZEOF (.overlay_flac)))

.overlay_m4a    0x0010a600        0x0 load address 0x00203378
 *(.m4a_mem)
 *(.m4a_ctrl_mem)
                [!provide]                PROVIDE (__load_start_overlay_m4a, LOADADDR (.overlay_m4a))
                [!provide]                PROVIDE (__load_stop_overlay_m4a, (LOADADDR (.overlay_m4a) + SIZEOF (.overlay_m4a)))

.overlay_amr    0x0010a600        0x0 load address 0x00203378
 *(.amr_mem)
 *(.amr_ctrl_mem)
                [!provide]                PROVIDE (__load_start_overlay_amr, LOADADDR (.overlay_amr))
                [!provide]                PROVIDE (__load_stop_overlay_amr, (LOADADDR (.overlay_amr) + SIZEOF (.overlay_amr)))

.overlay_dts    0x0010a600        0x0 load address 0x00203378
 *(.dts_mem)
 *(.dts_ctrl_mem)
                [!provide]                PROVIDE (__load_start_overlay_dts, LOADADDR (.overlay_dts))
                [!provide]                PROVIDE (__load_stop_overlay_dts, (LOADADDR (.overlay_dts) + SIZEOF (.overlay_dts)))

.overlay_fm     0x0010a600        0x0 load address 0x00203378
 *(.fm_mem)
                [!provide]                PROVIDE (__load_start_overlay_fm, LOADADDR (.overlay_fm))
                [!provide]                PROVIDE (__load_stop_overlay_fm, (LOADADDR (.overlay_fm) + SIZEOF (.overlay_fm)))

.overlay_pc     0x0010a600        0x0 load address 0x00203378
                [!provide]                PROVIDE (__load_start_overlay_pc, LOADADDR (.overlay_pc))
                [!provide]                PROVIDE (__load_stop_overlay_pc, (LOADADDR (.overlay_pc) + SIZEOF (.overlay_pc)))
                0x0010cf3c                data_code_pc_limit_end = .
                0x0010cf3c                __report_overlay_end = .

.data           0x0010cf40     0x118c load address 0x0020527c
                0x0010cf40                . = ALIGN (0x4)
 *(.data_magic)
 .data_magic    0x0010cf40       0x40 cpu/br50/tools/sdk.elf.o
                0x0010cf40                data_magic
 *(.data*)
 .data          0x0010cf80      0xc5c cpu/br50/tools/sdk.elf.o
 .data          0x0010dbdc        0x4 C:/JL/pi32/pi32v2-lib/r3-large/libc.a(lib_a-ctype_.o)
                0x0010dbdc                __ctype_ptr__
 .data          0x0010dbe0      0x41c C:/JL/pi32/pi32v2-lib/r3-large/libc.a(lib_a-impure.o)
                0x0010dbe0                _impure_ptr
 *(.*.data)
 *fill*         0x0010dffc        0x4 
 .power_driver.data
                0x0010e000       0x3c cpu/br50/tools/sdk.elf.o
 .aac.data      0x0010e03c        0x4 cpu/br50/tools/sdk.elf.o
                0x0010e040                . = ALIGN (0x4)
                0x0010e040                __a2dp_movable_slot_start = .
 *(.movable.slot.1)
                0x0010e040                __a2dp_movable_slot_end = .
                0x0010e040                . = ALIGN (0x4)
                0x0010e040                app_mode_begin = .
 *(.app_mode)
 .app_mode      0x0010e040       0x30 cpu/br50/tools/sdk.elf.o
                0x0010e040                __bt_mode
                0x0010e050                __idle_mode
                0x0010e060                __poweron_mode
                0x0010e070                app_mode_end = .
                0x0010e070                . = ALIGN (0x4)
                0x0010e070                local_tws_ops_begin = .
 *(.local_tws)
                0x0010e070                local_tws_ops_end = .
                0x0010e070                . = ALIGN (0x4)
                0x0010e070                prot_flash_begin = .
 *(.prot_flash)
 .prot_flash    0x0010e070       0x30 cpu/br50/tools/sdk.elf.o
                0x0010e070                __prot_flash_main
                0x0010e090                __prot_flash_vm
                0x0010e0a0                prot_flash_end = .
                0x0010e0a0                . = ALIGN (0x4)
 *(.crypto_ecdh_data)
 *(.crypto_data)
 .crypto_data   0x0010e0a0        0x1 cpu/br50/tools/sdk.elf.o
 *(.uECC_data)
 *fill*         0x0010e0a1        0x3 
 .uECC_data     0x0010e0a4        0x4 cpu/br50/tools/sdk.elf.o
 *(.ECDH_sample_data)
                0x0010e0a8                . = ALIGN (0x4)
                0x0010e0a8                update_data_start = .
                0x0010e0a8                update_data_end = .
                0x0010e0a8                btstack_data_start = .
 *(.bt_stack_data)
 *(.ble_db_data)
 *(.ble_sm_data)
 *(.ble_att_data)
 *(.ble_gatt_data)
 *(.fmna_stack_data)
 *(.fmna_plaform_data)
 *(.fmna_crypto_data)
                0x0010e0a8                BTSTACK_LE_HOST_MESH_DATA_START = .
                0x0010e0a8                . = ((. + 0x3) & 0xfffffffc)
                0x0010e0a8                _net_buf_pool_list = .
 *(._net_buf_pool.static.*)
 *(.ble_mesh_data)
 *(.ble_mesh_tinycrypt_data)
                0x00000000                BTSTACK_LE_HOST_MESH_DATA_SIZE = ABSOLUTE ((. - BTSTACK_LE_HOST_MESH_DATA_START))
                0x0010e0a8                btstack_data_end = .
                0x0010e0a8                driver_data_start = .
                0x0010e0a8                CLOCK_DATA_START = .
 *(.clock_data)
                0x00000000                CLOCK_DATA_SIZE = ABSOLUTE ((. - CLOCK_DATA_START))
 *(.debug_data)
 *(.uart_data)
 *(.power_driver.data)
                0x0010e0a8                driver_data_end = .
                0x0010e0c0                . = ALIGN (0x20)
 *fill*         0x0010e0a8       0x18 
                0x0010e0c0                media_lib_data_begin = .
                0x0010e0c0                . = ALIGN (0x4)
                0x0010e0c0                . = ALIGN (0x4)
                0x0010e0c0                audio_sync_data_begin = .
 *(.audio_sync_data)
 .audio_sync_data
                0x0010e0c0        0xc cpu/br50/tools/sdk.elf.o
                0x0010e0cc                audio_sync_data_end = .
                0x0010e0cc                . = ALIGN (0x4)
 *(.pSOUND360TD_cal_data)
 *(.jlsp_kws_yesno_data)
 *(.jlsp_kws_common_data)
 *(.jlsp_kws_music_bss)
 *(.jlsp_kws_phone_call_data)
 *(.jlsp_kws_india_english_music_data)
 *(.jlsp_kws_india_english_phone_call_data)
 *(.jlsp_far_keyword_data)
 *(.jlsp_far_front_data)
 *(.lhdc.data)
 *(.lhdcv4_dec.data)
 *(.lhdc_v5.data)
 *(.lhdcv5_dec.data)
 *(.ldac.data)
 *(.ldac_enc.data)
 *(.ldac_dec.data)
 *(.msbc_data)
 *(.cvsd_data)
 *(.sbc_data)
 *(.sbc_dec.data)
 *(.bt_aac_dec.data)
 *(.bt_aac_dec_data)
 *(.btaac_rom_dec.data)
 *(.aac.data)
 *(.aac_data)
 *(.sbc_eng_data)
 *(.bt_audioplc_data)
 *(.lc3_dec.data)
 *(.lc3_enc.data)
 *(.jla_codec_c_data)
 *(.jl_codec_c_data)
 *(.jla_lw_codec_data)
 *(.jla_lw.data)
 *(.jla_ll_codec.data)
 *(.jla_ll.data)
 *(.jla_v2_dec_data)
 *(.jla_v2_enc_data)
 *(.jla_v2_codec_c_data)
 *(.jla_v2_codec_ari_c_data)
 *(.jla_v2_dec_data)
 *(.jla_v2_enc_data)
 *(.jla_v2_codec_c_data)
 *(.jla_v2_codec_ari_c_data)
 *(.mp3_dec.data)
 *(.mp3.data)
 *(.mp3tsy_dec.data)
 *(.mp3_data)
 *(.mp3_dec_data)
 *(.mp3tsy_dec_data)
 *(.mp3tsy_data)
 *(.wma_dec.data)
 *(.wma.data)
 *(.wma_data)
 *(.wma_dec_data)
 *(.wav_dec.data)
 *(.wav.data)
 *(.wav_dec_data)
 *(.wav_data)
 *(.flac_dec.data)
 *(.flac.data)
 *(.flac_data)
 *(.flac_dec_data)
 *(.mty.data)
 *(.f2a_dec.data)
 *(.f2a.data)
 *(.opus_enc.data)
 *(.opus.data)
 *(.ogg_opus_dec.data)
 *(.ogg.data)
 *(.ogg_vorbis_dec.data)
 *(.aptx_dec.data)
 *(.wtg_dec.data)
 *(.g729.data)
 *(.wtgv2_dec.data)
 *(.wtgv2_data)
 *(.wtgv2dec_data)
 *(.wts.data)
 *(.dts_dec.data)
 *(.dts.data)
 *(.f2a_dec.data)
 *(.f2a.data)
 *(.m4a_dec.data)
 *(.m4a.data)
 *(.m4a_dec_data)
 *(.m4a_data)
 *(.alac.data)
 *(.amr_dec.data)
 *(.alac_data)
 *(.amr_dec_data)
 *(.amr.data)
 *(.alac_data)
 *(.ape_dec.data)
 *(.ape.data)
 *(.ape_dec_data)
 *(.ape_data)
 *(.llns_dns.data)
 *(.jlvodecode.data)
 *(.jlvoencode.data)
 *(.audio_track_data)
 *(.audio_eq_data)
 *(.audio_drc_data)
 *(.audio_vbass_data)
 *(.audio_surround_data)
 *(.audio_pitch_data)
 *(.audio_pitchspeed_data)
 *(.pitchshifter_data)
 *(.audio_noisegate_data)
 *(.howlings_phf_data)
 *(.audio_reverb_data)
 *(.audio_echo_data)
 *(.anc_data)
 *(.anc_core_data)
 *(.anc_user_data)
 *(.anc_box_data)
 *(.anc_btspp_data)
 *(.anc_debug_data)
                0x0010e0cc                media_lib_data_end = .
                0x0000000c                media_lib_data_size = (media_lib_data_end - media_lib_data_begin)
                0x0010e0cc                . = ALIGN (0x4)
                0x0010e0cc                utils_data_start = .
 *(.utils_data)
                0x0010e0cc                utils_data_end = .
                0x0010e0cc                . = ALIGN (0x4)
                0x0010e0cc                audio_cvp_data_begin = .
                0x0010e0cc                . = ALIGN (0x4)
 *(.jlsp_aec_data)
 *(.jlsp_nlp_data)
 *(.jlsp_dns_data)
 *(.jlsp_enc_data)
 *(.jlsp_prep_data)
 *(.jlsp_wn_data)
 *(.jlsp_tri_data)
 *(.jlsp_agc_data)
 *(.jlsp_dms_hybrid_data)
 *(.jlsp_dms_awn_data)
 *(.sms_data)
 *(.smsvf_data)
 *(.sms_stereo_data)
 *(.dms_data)
 *(.data._*)
 *(.aec_data)
 *(.res_data)
 *(.ns_data)
 *(.jlsp_data)
 *(.nlp_data)
 *(.der_data)
 *(.qmf_data)
 *(.fft_data)
                0x0010e0cc                audio_cvp_data_end = .
                0x00000000                audio_cvp_data_size = (audio_cvp_data_end - audio_cvp_data_begin)
                0x0010e0cc                . = ALIGN (0x4)
                0x0010e0cc                . = ALIGN (0x4)
                0x0010e0cc                system_data_start = .
                0x0010e0cc                _video_subdev_begin = .
                [!provide]                PROVIDE (video_subdev_begin, .)
 *(.video_subdev.0)
 *(.video_subdev.1)
 *(.video_subdev.2)
 *(.video_subdev.3)
 *(.video_subdev.4)
 *(.video_subdev.5)
                0x0010e0cc                _video_subdev_end = .
                [!provide]                PROVIDE (video_subdev_end, .)
                0x0010e0cc                _audio_subdev_begin = .
                [!provide]                PROVIDE (audio_subdev_begin, .)
 *(.audio_subdev.0)
 *(.audio_subdev.1)
 *(.audio_subdev.2)
 *(.audio_subdev.3)
                0x0010e0cc                _audio_subdev_end = .
                [!provide]                PROVIDE (audio_subdev_end, .)
                0x0010e0cc                _iic_device_begin = .
                [!provide]                PROVIDE (iic_device_begin, .)
 *(.iic)
                0x0010e0cc                _iic_device_end = .
                [!provide]                PROVIDE (iic_device_end, .)
                0x0010e0cc                _avin_spi_device_begin = .
                [!provide]                PROVIDE (avin_spi_device_begin, .)
 *(.sw_spi)
                0x0010e0cc                _avin_spi_device_end = .
                [!provide]                PROVIDE (avin_spi_device_end, .)
                0x0010e0cc                _video_dev_begin = .
                [!provide]                PROVIDE (video_dev_begin, .)
 *(.video_device)
                0x0010e0cc                _video_dev_end = .
                [!provide]                PROVIDE (video_dev_end, .)
                0x0010e0cc                _key_driver_ops_begin = .
                [!provide]                PROVIDE (key_driver_ops_begin, .)
 *(.key_driver_ops)
                0x0010e0cc                _key_driver_ops_end = .
                [!provide]                PROVIDE (key_driver_ops_end, .)
                0x0010e0cc                _touch_driver_begin = .
                [!provide]                PROVIDE (touch_driver_begin, .)
 *(.touch_driver)
                0x0010e0cc                _touch_driver_end = .
                [!provide]                PROVIDE (touch_driver_end, .)
                0x0010e0cc                _static_hi_timer_begin = .
                [!provide]                PROVIDE (static_hi_timer_begin, .)
 *(.hi_timer)
                0x0010e0cc                _static_hi_timer_end = .
                [!provide]                PROVIDE (static_hi_timer_end, .)
                0x0010e0cc                _sys_cpu_timer_begin = .
                [!provide]                PROVIDE (sys_cpu_timer_begin, .)
 *(.sys_cpu_timer)
                0x0010e0cc                _sys_cpu_timer_end = .
                [!provide]                PROVIDE (sys_cpu_timer_end, .)
                0x0010e0cc                _sys_config_begin = .
                [!provide]                PROVIDE (sys_config_begin, .)
 *(.sys_cfg)
                0x0010e0cc                _sys_config_end = .
                [!provide]                PROVIDE (sys_config_end, .)
                0x0010e0cc                _sys_fat_begin = .
                [!provide]                PROVIDE (sys_fat_begin, .)
 *(.fs_fat)
                0x0010e0cc                _sys_fat_end = .
                [!provide]                PROVIDE (sys_fat_end, .)
                0x0010e0cc                _app_begin = .
                [!provide]                PROVIDE (app_begin, .)
 *(.app)
                0x0010e0cc                _app_end = .
                [!provide]                PROVIDE (app_end, .)
 *(.crypto_ecdh_data)
 *(.crypto_data)
 *(.mem_data)
 *(.os_port_data)
 *(.os_str)
 *(.os_data)
 *(.uECC_data)
 *(.ECDH_sample_data)
                0x0010e0cc                . = ALIGN (0x4)
                0x0010e0cc                __movable_slot_start = .
 *(movable.slot.*)
                0x0010e0cc                __movable_slot_end = .
                0x0010e0cc                . = ALIGN (0x4)
                0x0010e0cc                system_data_end = .

.bss            0x0010e0e0     0x472c load address 0x0020641c
                0x0010e0e0                . = ALIGN (0x4)
 *(.bss)
 .bss           0x0010e0e0     0x4194 cpu/br50/tools/sdk.elf.o
                0x0010f2ec                irq_lock_cnt
 *(.*.data.bss)
 .power_driver.data.bss
                0x00112274      0x32c cpu/br50/tools/sdk.elf.o
 .os.data.bss   0x001125a0      0x1f0 cpu/br50/tools/sdk.elf.o
 .btcontroller_util_lmp_rom.data.bss
                0x00112790       0x12 cpu/br50/tools/sdk.elf.o
 *fill*         0x001127a2        0x2 
 .hci_controller_lmp_rom.data.bss
                0x001127a4        0x4 cpu/br50/tools/sdk.elf.o
 .lmp_rom.data.bss
                0x001127a8       0x4c cpu/br50/tools/sdk.elf.o
 .lmp_hci_rom.data.bss
                0x001127f4        0x4 cpu/br50/tools/sdk.elf.o
 .bt_mask_var_init.data.bss
                0x001127f8        0x4 cpu/br50/tools/sdk.elf.o
                0x001127fc                . = ALIGN (0x4)
 *(.*.data.bss.nv)
                0x001127fc                . = ALIGN (0x4)
 *(.volatile_ram)
 *(.btstack_pool)
 *(.mem_heap)
 *(.memp_memory_x)
                0x001127fc                . = ALIGN (0x4)
 *(.usb.data.bss.exchange)
                0x001127fc                . = ALIGN (0x4)
 *(.non_volatile_ram)
 *(.uECC_bss)
 *(.ECDH_sample_bss)
 *(.crypto_bss)
                0x00112800                . = ALIGN (0x20)
 *fill*         0x001127fc        0x4 
                0x00112800                update_bss_start = .
 *(.update_bss)
 .update_bss    0x00112800        0xc cpu/br50/tools/sdk.elf.o
                0x0011280c                update_bss_end = .
                0x0011280c                btstack_bss_start = .
 *(.bt_stack_bss)
 *(.ble_db_bss)
 *(.ble_sm_bss)
 *(.ble_att_bss)
 *(.ble_gatt_bss)
 *(.btstack_pool)
 *(.fmna_stack_bss)
 *(.fmna_plaform_bss)
 *(.fmna_crypto_bss)
                0x0011280c                BTSTACK_LE_HOST_MESH_BSS_START = .
 *(.ble_mesh_bss)
 *(.ble_mesh_tinycrypt_bss)
                0x00000000                BTSTACK_LE_HOST_MESH_BSS_SIZE = ABSOLUTE ((. - BTSTACK_LE_HOST_MESH_BSS_START))
                0x0011280c                btstack_bss_end = .
                0x0011280c                driver_bss_start = .
                0x0011280c                CLOCK_BSS_START = .
 *(.clock_bss)
                0x00000000                CLOCK_BSS_SIZE = ABSOLUTE ((. - CLOCK_BSS_START))
 *(.debug_bss)
 *(.uart_bss)
 *(.sd_var)
 *(.power_driver.data.bss)
                0x0011280c                . = ALIGN (0x4)
                0x0011280c                driver_bss_end = .
                0x0011280c                media_lib_bss_begin = .
                0x0011280c                . = ALIGN (0x4)
                0x0011280c                . = ALIGN (0x4)
                0x0011280c                audio_sync_bss_begin = .
 *(.audio_sync_bss)
                0x0011280c                audio_sync_bss_end = .
                0x0011280c                . = ALIGN (0x4)
 *(.jlsp_kws_yesno_bss)
 *(.jlsp_kws_common_bss)
 *(.jlsp_kws_music_bss)
 *(.jlsp_kws_phone_call_bss)
 *(.jlsp_kws_india_english_music_bss)
 *(.jlsp_kws_india_english_phone_call_bss)
 *(.jlsp_far_keyword_bss)
 *(.jlsp_far_front_bss)
 *(.lhdc.data.bss)
 *(.lhdcv4dec_data.bss)
 *(.lhdc_v5.data.bss)
 *(.lhdcv5_dec.data.bss)
 *(.ldac_dec.data.bss)
 *(.ldac.data.bss)
 *(.ldac_enc.data.bss)
 *(.cvsd_bss)
 *(.bt_aac_dec_bss)
 *(.bt_aac_dec.data.bss)
 *(.btaac_ron_dec.data.bss)
 *(.aac.data.bss)
 *(.sbc_eng_bss)
 *(.sbc_bss)
 *(.sbc_dec.data.bss)
 *(.bt_audioplc_bss)
 *(.lc3_dec.data.bss)
 *(.lc3_enc.data.bss)
 *(.jla_codec_c_bss)
 *(.jl_codec_c_bss)
 *(.jla_lw_codec_bss)
 *(.jla_lw.bss)
 *(.jla_ll.bss)
 *(.jla_codec_c_bss)
 *(.jl_codec_c_bss)
 *(.jla_lw_codec_bss)
 *(.jla_lw.bss)
 *(.jla_ll.bss)
 *(.jla_v2_dec_bss)
 *(.jla_v2_enc_bss)
 *(.jla_v2_codec_c_bss)
 *(.jla_v2_codec_ari_c_bss)
 *(.mp3_dec.data.bss)
 *(.mp3.data.bss)
 *(.mp3tsy.data.bss)
 *(.mty.data.bss)
 *(.flac_dec.data.bss)
 *(.flac.data.bss)
 *(.wma_dec.data.bss)
 *(.wma.data.bss)
 *(.wav.data.bss)
 *(.wav_dec.data.bss)
 *(.f2a_dec.data.bss)
 *(.f2a.data.bss)
 *(.opus_enc.data.bss)
 *(.opus.data.bss)
 *(.ogg_opus_dec.bss)
 *(.ogg.data.bss)
 *(.ogg_vorbis_dec.bss)
 *(.aptx_dec.data.bss)
 *(.wtg_dec.data.bss)
 *(.g729.data.bss)
 *(.wtgv2_dec.data.bss)
 *(.wts.data.bss)
 *(.dts_dec.data.bss)
 *(.dts.data.bss)
 *(.ape_dec.data.bss)
 *(.ape.data.bss)
 *(.amr_dec.data.bss)
 *(.amr.data.bss)
 *(.m4a_dec.data.bss)
 *(.m4a.data.bss)
 *(.alac.data.bss)
 *(.llns_dns.bss)
 *(.audio_track_bss)
 *(.anc_bss)
 *(.anc_core_bss)
 *(.anc_user_bss)
 *(.anc_box_bss)
 *(.anc_btspp_bss)
 *(.anc_debug_bss)
                0x0011280c                media_lib_bss_end = .
                0x00000000                media_lib_bss_size = (media_lib_bss_end - media_lib_bss_begin)
                0x0011280c                . = ALIGN (0x4)
                0x0011280c                utils_bss_start = .
 *(.utils_bss)
                0x0011280c                utils_bss_end = .
                0x0011280c                . = ALIGN (0x4)
                0x0011280c                audio_cvp_bss_begin = .
                0x0011280c                . = ALIGN (0x4)
 *(.sms_bss)
 *(.smsvf_bss)
 *(.sms_stereo_bss)
 *(.aec_bss)
 *(.nlp_bss)
 *(.res_bss)
 *(.ns_bss)
 *(.der_bss)
                0x0011280c                . = ALIGN (0x4)
 *(.jlsp_bss)
 *(.jlsp_aec_bss)
 *(.jlsp_nlp_bss)
 *(.jlsp_dns_bss)
 *(.jlsp_enc_bss)
 *(.jlsp_prep_bss)
 *(.jlsp_wn_bss)
 *(.jlsp_tri_bss)
 *(.jlsp_agc_bss)
 *(.jlsp_dms_hybrid_bss)
 *(.jlsp_dms_awn_bss)
                0x0011280c                audio_cvp_bss_end = .
                0x00000000                audio_cvp_bss_size = (audio_cvp_bss_end - audio_cvp_bss_begin)
                0x0011280c                system_bss_start = .
                0x0011280c                . = ALIGN (0x4)
 *(.os_bss)
 *(.mem_heap)
 *(.memp_memory_x)
 *(.mem_bss)
 *(.os_port_bss)
 *(.uECC_bss)
 *(.ECDH_sample_bss)
                0x0011280c                . = ALIGN (0x4)
                0x0011280c                system_bss_end = .
                0x0011280c                _HEAP_BEGIN = .
                0x0015ff00                _HEAP_END = RAM0_END
                0x04000100                . = ORIGIN (code0)

.text           0x04000100    0xd2afc
                [!provide]                PROVIDE (text_rodata_begin, .)
 *(.startup.text)
 .startup.text  0x04000100       0xaa cpu/br50/liba/cpu.a(startup.S.o)
                0x04000100                _start
 *(.text)
 .text          0x040001aa    0x63412 cpu/br50/tools/sdk.elf.o
                0x04001414                __errno
                0x0401bc98                volume_version_1_0_0
                0x0401beae                dms_ans_version_1_0_0
                0x0401beb4                dms_dns_version_1_0_0
                0x0401beba                dms_flexible_ans_version_1_0_0
                0x0401bec0                dms_flexible_dns_version_1_0_0
                0x0401bec6                cvp_develop_version_1_0_0
                0x04021246                update_result_get
                0x0402571c                cpu1_main
                0x04025984                setup_arch
 .text          0x040635bc       0x74 C:/JL/pi32/pi32v2-lib/r3-large/libm.a(lib_a-sf_cos.o)
                0x040635bc                cosf
 .text          0x04063630       0x72 C:/JL/pi32/pi32v2-lib/r3-large/libm.a(lib_a-sf_floor.o)
                0x04063630                floorf
 .text          0x040636a2       0x76 C:/JL/pi32/pi32v2-lib/r3-large/libm.a(lib_a-sf_sin.o)
                0x040636a2                sinf
 .text          0x04063718       0x96 C:/JL/pi32/pi32v2-lib/r3-large/libm.a(lib_a-s_modf.o)
                0x04063718                modf
 .text          0x040637ae        0xa C:/JL/pi32/pi32v2-lib/r3-large/libm.a(lib_a-wf_exp.o)
                0x040637ae                expf
 .text          0x040637b8        0xa C:/JL/pi32/pi32v2-lib/r3-large/libm.a(lib_a-wf_log.o)
                0x040637b8                logf
 .text          0x040637c2        0xa C:/JL/pi32/pi32v2-lib/r3-large/libm.a(lib_a-wf_pow.o)
                0x040637c2                powf
 .text          0x040637cc        0xa C:/JL/pi32/pi32v2-lib/r3-large/libm.a(lib_a-wf_sqrt.o)
                0x040637cc                sqrtf
 .text          0x040637d6      0x172 C:/JL/pi32/pi32v2-lib/r3-large/libm.a(lib_a-ef_exp.o)
                0x040637d6                __ieee754_expf
 .text          0x04063948      0x1e4 C:/JL/pi32/pi32v2-lib/r3-large/libm.a(lib_a-ef_log.o)
                0x04063948                __ieee754_logf
 .text          0x04063b2c      0x4fc C:/JL/pi32/pi32v2-lib/r3-large/libm.a(lib_a-ef_pow.o)
                0x04063b2c                __ieee754_powf
 .text          0x04064028      0x234 C:/JL/pi32/pi32v2-lib/r3-large/libm.a(lib_a-ef_rem_pio2.o)
                0x04064028                __ieee754_rem_pio2f
 .text          0x0406425c       0x8c C:/JL/pi32/pi32v2-lib/r3-large/libm.a(lib_a-ef_sqrt.o)
                0x0406425c                __ieee754_sqrtf
 .text          0x040642e8       0xd6 C:/JL/pi32/pi32v2-lib/r3-large/libm.a(lib_a-kf_cos.o)
                0x040642e8                __kernel_cosf
 .text          0x040643be      0x4a6 C:/JL/pi32/pi32v2-lib/r3-large/libm.a(lib_a-kf_rem_pio2.o)
                0x040643be                __kernel_rem_pio2f
 .text          0x04064864       0x9e C:/JL/pi32/pi32v2-lib/r3-large/libm.a(lib_a-kf_sin.o)
                0x04064864                __kernel_sinf
 .text          0x04064902        0x4 C:/JL/pi32/pi32v2-lib/r3-large/libm.a(lib_a-sf_fabs.o)
                0x04064902                fabsf
 .text          0x04064906        0x8 C:/JL/pi32/pi32v2-lib/r3-large/libm.a(lib_a-sf_nan.o)
                0x04064906                nanf
 .text          0x0406490e       0xaa C:/JL/pi32/pi32v2-lib/r3-large/libm.a(lib_a-sf_scalbn.o)
                0x0406490e                scalbnf
 .text          0x040649b8        0x8 C:/JL/pi32/pi32v2-lib/r3-large/libm.a(lib_a-sf_copysign.o)
                0x040649b8                copysignf
 .text          0x040649c0       0x4e C:/JL/pi32/pi32v2-lib/r3-large/libc.a(lib_a-rand.o)
                0x040649c0                srand
                0x040649d0                rand
 .text          0x04064a0e       0x2c C:/JL/pi32/pi32v2-lib/r3-large/libc.a(lib_a-strcat.o)
                0x04064a0e                strcat
 .text          0x04064a3a       0x38 C:/JL/pi32/pi32v2-lib/r3-large/libc.a(lib_a-strlen.o)
                0x04064a3a                strlen
 .text          0x04064a72       0x46 C:/JL/pi32/pi32v2-lib/r3-large/libc.a(lib_a-strncasecmp.o)
                0x04064a72                strncasecmp
 .text          0x04064ab8       0x18 C:/JL/pi32/pi32v2-lib/r3-large/libc.a(lib_a-strnlen.o)
                0x04064ab8                strnlen
 .text          0x04064ad0      0x314 C:/JL/pi32/pi32v2-lib/r3-large/libcompiler-rt.a(adddf3.o)
                0x04064b10                __adddf3
 .text          0x04064de4      0x1b8 C:/JL/pi32/pi32v2-lib/r3-large/libcompiler-rt.a(comparedf2.o)
                0x04064de4                __cmpdf2
                0x04064de4                __ledf2
                0x04064e94                __gedf2
                0x04064f3c                __unorddf2
                0x04064f7c                __eqdf2
                0x04064f84                __ltdf2
                0x04064f8c                __nedf2
                0x04064f94                __gtdf2
 .text          0x04064f9c      0x346 C:/JL/pi32/pi32v2-lib/r3-large/libcompiler-rt.a(divdf3.o)
                0x04064fd2                __divdf3
 .text          0x040652e2       0x54 C:/JL/pi32/pi32v2-lib/r3-large/libcompiler-rt.a(fixdfsi.o)
                0x040652e2                __fixdfsi
 .text          0x04065336       0x4c C:/JL/pi32/pi32v2-lib/r3-large/libcompiler-rt.a(floatsidf.o)
                0x04065336                __floatsidf
 .text          0x04065382       0x34 C:/JL/pi32/pi32v2-lib/r3-large/libcompiler-rt.a(floatunsidf.o)
                0x04065382                __floatunsidf
 .text          0x040653b6      0x2fa C:/JL/pi32/pi32v2-lib/r3-large/libcompiler-rt.a(muldf3.o)
                0x040653ec                __muldf3
 .text          0x040656b0        0xc C:/JL/pi32/pi32v2-lib/r3-large/libcompiler-rt.a(subdf3.o)
                0x040656b0                __subdf3
 .text          0x040656bc      0x146 C:/JL/pi32/pi32v2-lib/r3-large/libcompiler-rt.a(truncdfsf2.o)
                0x040656bc                __truncdfsf2
 .text          0x04065802       0x7a C:/JL/pi32/pi32v2-lib/r3-large/libcompiler-rt.a(extendsfdf2.o)
                0x04065802                __extendsfdf2
 .text          0x0406587c       0xce C:/JL/pi32/pi32v2-lib/r3-large/libcompiler-rt.a(floatdisf.o)
                0x0406587c                __floatdisf
 .text          0x0406594a       0x12 C:/JL/pi32/pi32v2-lib/r3-large/libcompiler-rt.a(udivdi3.o)
                0x0406594a                __udivdi3
 *(.*.text)
 .initcall.bank.text
                0x0406595c     0x1c5c cpu/br50/tools/sdk.elf.o
 .system.cpu.text
                0x040675b8      0xc64 cpu/br50/tools/sdk.elf.o
                0x040681a6                boot_info_init
 .system.UCOS.text
                0x0406821c      0x354 cpu/br50/tools/sdk.elf.o
 .driver.uart.text
                0x04068570      0xdf0 cpu/br50/tools/sdk.elf.o
 .driver.bsp.text
                0x04069360     0x4d18 cpu/br50/tools/sdk.elf.o
                0x0406d4f0                boot_clk_init
 .driver.power.text
                0x0406e078      0x248 cpu/br50/tools/sdk.elf.o
 .system.timer.text
                0x0406e2c0      0x7d6 cpu/br50/tools/sdk.elf.o
 .driver.gptimer.text
                0x0406ea96       0xe2 cpu/br50/tools/sdk.elf.o
 .system.task.text
                0x0406eb78      0x5a4 cpu/br50/tools/sdk.elf.o
 .media.framework.text
                0x0406f11c     0x4980 cpu/br50/tools/sdk.elf.o
                0x04070426                sound_splitter_version_1_0_0
                0x040704d0                hw_eq_version_1_0_0
                0x040711ac                encoder_version_1_0_0
                0x0407140a                bitwidth_convert_version_1_0_0
                0x04071410                convert_version_1_0_0
                0x04071480                three_band_merge_version_1_0_0
                0x04071486                two_band_merge_version_1_0_0
                0x0407192a                audio_sync_version_1_0_0
                0x04071930                capture_sync_version_1_0_0
                0x04071936                play_sync_version_1_0_0
                0x0407193c                resample_version_1_0_0
                0x0407300a                decoder_version_1_0_0
                0x04073666                channel_expander_version_1_0_0
                0x0407366c                channel_merge_version_1_0_0
 .jlstream.bank.text
                0x04073a9c     0x2472 cpu/br50/tools/sdk.elf.o
 .power_driver.text
                0x04075f0e     0x2df4 cpu/br50/tools/sdk.elf.o
 .media.media_cpu.text
                0x04078d02     0x8050 cpu/br50/tools/sdk.elf.o
 .media.audio_common.text
                0x04080d52      0xa36 cpu/br50/tools/sdk.elf.o
 .bredr_utils_lmp_rom.text
                0x04081788       0x66 cpu/br50/tools/sdk.elf.o
 .lmp_rom.text  0x040817ee     0x8488 cpu/br50/tools/sdk.elf.o
 .vsprintf_lmp_rom.text
                0x04089c76      0x262 cpu/br50/tools/sdk.elf.o
 .lt_address_lmp_rom.text
                0x04089ed8       0x6a cpu/br50/tools/sdk.elf.o
 .lmp_utils_rom.text
                0x04089f42      0x13a cpu/br50/tools/sdk.elf.o
 .aac.text      0x0408a07c      0x8b4 cpu/br50/tools/sdk.elf.o
 .media.bluetooth_audio.text
                0x0408a930      0xd76 cpu/br50/tools/sdk.elf.o
 .media.audio_libutils.text
                0x0408b6a6     0x125e cpu/br50/tools/sdk.elf.o
 .dac.bank.text
                0x0408c904      0x1b0 cpu/br50/tools/sdk.elf.o
 .audio_adc.bank.text
                0x0408cab4      0x4e4 cpu/br50/tools/sdk.elf.o
 .audio_init.bank.text
                0x0408cf98      0x254 cpu/br50/tools/sdk.elf.o
 .bt_aac_dec.text
                0x0408d1ec       0x88 cpu/br50/tools/sdk.elf.o
 .fhs_packet_lmp_rom.text
                0x0408d274      0x13e cpu/br50/tools/sdk.elf.o
 .a2dp_dec.bank.text
                0x0408d3b2      0x69e cpu/br50/tools/sdk.elf.o
 .advaudio_plc.text
                0x0408da50      0x100 cpu/br50/tools/sdk.elf.o
 .volume.bank.text
                0x0408db50      0x2e0 cpu/br50/tools/sdk.elf.o
 .cvp.bank.text
                0x0408de30      0x76e cpu/br50/tools/sdk.elf.o
 .SensorCalib.text
                0x0408e59e       0x34 cpu/br50/tools/sdk.elf.o
 .media.effects.text
                0x0408e5d2     0x11c8 cpu/br50/tools/sdk.elf.o
 .driver.usb_stack.text
                0x0408f79a        0x4 cpu/br50/tools/sdk.elf.o
 .btcontroller_util_lmp_rom.text
                0x0408f79e       0xca cpu/br50/tools/sdk.elf.o
 .eq_coeff_design.text
                0x0408f868      0xa26 cpu/br50/tools/sdk.elf.o
 .limiter.text  0x0409028e      0x294 cpu/br50/tools/sdk.elf.o
 .eq.bank.text  0x04090522      0x4fe cpu/br50/tools/sdk.elf.o
 .encode.bank.text
                0x04090a20      0x2aa cpu/br50/tools/sdk.elf.o
 .audio_sync.bank.text
                0x04090cca      0x35e cpu/br50/tools/sdk.elf.o
 .sine.text     0x04091028      0x250 cpu/br50/tools/sdk.elf.o
 .wts.text      0x04091278      0x262 cpu/br50/tools/sdk.elf.o
 .esco_audio_plc.text
                0x040914da      0x31a cpu/br50/tools/sdk.elf.o
 .wtgv2_dec.text
                0x040917f4      0x17c cpu/br50/tools/sdk.elf.o
 *(.*.text.const)
 *fill*         0x04091970       0x10 
 .power_driver.text.const
                0x04091980     0x1ee9 cpu/br50/tools/sdk.elf.o
 *fill*         0x04093869        0x3 
 .os.text.const
                0x0409386c       0x18 cpu/br50/tools/sdk.elf.o
 .lmp_rom.text.const
                0x04093884       0x48 cpu/br50/tools/sdk.elf.o
 .advaudio_plc.text.const
                0x040938cc        0xc cpu/br50/tools/sdk.elf.o
 .esco_audio_plc.text.const
                0x040938d8        0xc cpu/br50/tools/sdk.elf.o
 *(.*.text.const.cache.L2)
 .lmp.text.const.cache.L2
                0x040938e4       0x5c cpu/br50/tools/sdk.elf.o
 *(.*.text.cache.L2*)
 .gpio.text.cache.L2
                0x04093940      0x142 cpu/br50/tools/sdk.elf.o
 .bank_code.text.cache.L2
                0x04093a82       0x4c cpu/br50/tools/sdk.elf.o
 .jlstream.text.cache.L2
                0x04093ace      0xe38 cpu/br50/tools/sdk.elf.o
 .classic.text.cache.L2.irq
                0x04094906      0xff0 cpu/br50/tools/sdk.elf.o
 .link_bulk.text.cache.L2
                0x040958f6      0x1a6 cpu/br50/tools/sdk.elf.o
 .bt_analog.text.cache.L2
                0x04095a9c      0x19a cpu/br50/tools/sdk.elf.o
 .audio_cfifo.text.cache.L2.run
                0x04095c36      0x3aa cpu/br50/tools/sdk.elf.o
 .bt_aac_dec.text.cache.L2.run
                0x04095fe0      0x284 cpu/br50/tools/sdk.elf.o
 .node.adc.text.cache.L2
                0x04096264      0x122 cpu/br50/tools/sdk.elf.o
 .esco_audio_plc.text.cache.L2.run
                0x04096386     0x1402 cpu/br50/tools/sdk.elf.o
 .digital_vol.text.cache.L2.run
                0x04097788      0x12a cpu/br50/tools/sdk.elf.o
 .node.volume.text.cache.L2
                0x040978b2       0x2e cpu/br50/tools/sdk.elf.o
 .lmp.text.cache.L2
                0x040978e0      0xe40 cpu/br50/tools/sdk.elf.o
 .dac_ng_code.text.cache.L2
                0x04098720       0xf4 cpu/br50/tools/sdk.elf.o
                0x04098720                audio_dac_noisegate_run
 .node.eq.text.cache.L2
                0x04098814      0x2ee cpu/br50/tools/sdk.elf.o
 .limiter.text.cache.L2.code
                0x04098b02      0x568 cpu/br50/tools/sdk.elf.o
 .node.decoder.text.cache.L2
                0x0409906a      0x446 cpu/br50/tools/sdk.elf.o
 .node.source.text.cache.L2
                0x040994b0       0xb4 cpu/br50/tools/sdk.elf.o
 .node.encoder.text.cache.L2
                0x04099564       0xb4 cpu/br50/tools/sdk.elf.o
 .convert.text.cache.L2.code
                0x04099618       0xea cpu/br50/tools/sdk.elf.o
 .gain_mix.text.cache.L2.code
                0x04099702      0x154 cpu/br50/tools/sdk.elf.o
 .BandMerge.text.cache.L2.code
                0x04099856       0x38 cpu/br50/tools/sdk.elf.o
 .node.audio_syncts.text.cache.L2
                0x0409988e      0x1b8 cpu/br50/tools/sdk.elf.o
 .dac.text.cache.L2
                0x04099a46       0xf8 cpu/br50/tools/sdk.elf.o
 .node.dac.text.cache.L2
                0x04099b3e       0x48 cpu/br50/tools/sdk.elf.o
 .node.channel_adapter.text.cache.L2
                0x04099b86      0x16c cpu/br50/tools/sdk.elf.o
 .wtgv2_dec.text.cache.L2.run
                0x04099cf2     0x2268 cpu/br50/tools/sdk.elf.o
 .wtgv2_dec.text.cache.L2
                0x0409bf5a       0x2c cpu/br50/tools/sdk.elf.o
 .advaudio_plc.text.cache.L2.run
                0x0409bf86      0x954 cpu/br50/tools/sdk.elf.o
 *fill*         0x0409c8da        0x2 
 .wtgv2_dec.text.cache.L2.const
                0x0409c8dc     0x1594 cpu/br50/tools/sdk.elf.o
 .bt_aac_dec.text.cache.L2.const
                0x0409de70       0x34 cpu/br50/tools/sdk.elf.o
                0x0409dea4                . = ALIGN (0x4)
                0x0409dea4                update_target_begin = .
                [!provide]                PROVIDE (update_target_begin, .)
 *(.update_target)
 .update_target
                0x0409dea4       0x10 cpu/br50/tools/sdk.elf.o
                0x0409dea4                audio_update_target
                0x0409deac                usb_update_target
                0x0409deb4                update_target_end = .
                [!provide]                PROVIDE (update_target_end, .)
                0x0409deb4                . = ALIGN (0x4)
 *(.LOG_TAG_CONST*)
 *(.rodata*)
 *fill*         0x0409deb4        0xc 
 .rodata.str1.16
                0x0409dec0     0x17c0 cpu/br50/tools/sdk.elf.o
                               0x17b3 (size before relaxing)
 .rodata        0x0409f680    0x2a87c cpu/br50/tools/sdk.elf.o
 .rodata.str1.1
                0x040c9efc     0x3324 cpu/br50/tools/sdk.elf.o
                               0x33b5 (size before relaxing)
 .rodata.cst4   0x040cd220        0x8 cpu/br50/tools/sdk.elf.o
 .rodata.cst32  0x040cd228       0x40 cpu/br50/tools/sdk.elf.o
 .rodata.cst8   0x040cd268       0x10 cpu/br50/tools/sdk.elf.o
 .rodata.cst8   0x040cd278       0x18 C:/JL/pi32/pi32v2-lib/r3-large/libm.a(lib_a-ef_exp.o)
 .rodata.str1.1
                0x040cd290        0x0 C:/JL/pi32/pi32v2-lib/r3-large/libm.a(lib_a-ef_pow.o)
                                  0x1 (size before relaxing)
 .rodata.cst8   0x040cd290       0x18 C:/JL/pi32/pi32v2-lib/r3-large/libm.a(lib_a-ef_pow.o)
 .rodata        0x040cd2a8      0x398 C:/JL/pi32/pi32v2-lib/r3-large/libm.a(lib_a-ef_rem_pio2.o)
 .rodata        0x040cd640       0x38 C:/JL/pi32/pi32v2-lib/r3-large/libm.a(lib_a-kf_rem_pio2.o)
 .rodata        0x040cd678      0x281 C:/JL/pi32/pi32v2-lib/r3-large/libc.a(lib_a-ctype_.o)
                0x040cd7f8                _ctype_
 .rodata.str1.1
                0x040cd8f9        0x0 C:/JL/pi32/pi32v2-lib/r3-large/libc.a(lib_a-impure.o)
                                  0x2 (size before relaxing)
                0x040cd8fc                . = ALIGN (0x4)
 *fill*         0x040cd8f9        0x3 
                [!provide]                PROVIDE (text_rodata_end, .)
                0x040cd8fc                clock_critical_handler_begin = .
 *(.clock_critical_txt)
 .clock_critical_txt
                0x040cd8fc       0x20 cpu/br50/tools/sdk.elf.o
                0x040cd8fc                clock_gpadc
                0x040cd904                clock_lrc
                0x040cd90c                clock_port
                0x040cd914                clock_jlstream
                0x040cd91c                clock_critical_handler_end = .
                0x040cd91c                chargestore_handler_begin = .
 *(.chargestore_callback_txt)
 .chargestore_callback_txt
                0x040cd91c        0x4 cpu/br50/tools/sdk.elf.o
                0x040cd91c                chargestore_testbox
                0x040cd920                chargestore_handler_end = .
                0x040cd920                . = ALIGN (0x4)
                0x040cd920                app_msg_handler_begin = .
 *(.app_msg_handler)
 .app_msg_handler
                0x040cd920      0x15c cpu/br50/tools/sdk.elf.o
                0x040cd920                bat_level_msg_entry
                0x040cd92c                bat_charge_msg_entry
                0x040cd938                tws_msg_handler
                0x040cd944                a2dp_app_msg_handler_stub
                0x040cd950                a2dp_hci_msg_handler
                0x040cd95c                a2dp_stack_msg_handler
                0x040cd968                a2dp_tws_msg_handler_stub
                0x040cd974                sniff_btstack_msg_stub
                0x040cd980                sniff_tws_msg_entry
                0x040cd98c                tone_stack_msg_entry
                0x040cd998                tone_tws_msg_entry
                0x040cd9a4                dual_conn_app_msg_entry
                0x040cd9b0                dual_conn_hci_msg_entry
                0x040cd9bc                dual_conn_stack_msg_entry
                0x040cd9c8                dual_conn_tws_msg_entry
                0x040cd9d4                bt_phone_msg_handler_stub
                0x040cd9e0                call_tws_msg_handler_stub
                0x040cd9ec                tws_phone_hci_msg_stub
                0x040cd9f8                poweroff_app_msg_entry
                0x040cda04                poweroff_btstack_msg_stub
                0x040cda10                poweroff_tws_msg_entry
                0x040cda1c                key_tone_msg_entry
                0x040cda28                testbox_msg_entry
                0x040cda34                led_msg_entry
                0x040cda40                app_imu_trim_msg_entry
                0x040cda4c                tws_msg_entry
                0x040cda58                ci_uart_msg_entry
                0x040cda64                multi_protocol_tws_msg_handler_stub
                0x040cda70                online_debug_tws_msg_handler_stub
                0x040cda7c                app_msg_handler_end = .
                0x040cda7c                . = ALIGN (0x4)
                0x040cda7c                app_msg_prob_handler_begin = .
 *(.app_msg_prob_handler)
                0x040cda7c                app_msg_prob_handler_end = .
                0x040cda7c                wireless_trans_ops_begin = .
 *(.wireless_trans)
                0x040cda7c                . = ALIGN (0x4)
                0x040cda7c                wireless_trans_ops_end = .
                0x040cda7c                . = ALIGN (0x4)
                0x040cda7c                connected_sync_channel_begin = .
 *(.connected_call_sync)
                0x040cda7c                connected_sync_channel_end = .
                0x040cda7c                . = ALIGN (0x4)
                0x040cda7c                conn_sync_call_func_begin = .
 *(.connected_sync_call_func)
                0x040cda7c                conn_sync_call_func_end = .
                0x040cda7c                . = ALIGN (0x4)
                0x040cda7c                conn_data_trans_stub_begin = .
 *(.conn_data_trans_stub)
                0x040cda7c                conn_data_trans_stub_end = .
                0x040cda7c                . = ALIGN (0x4)
                0x040cda7c                app_charge_handler_begin = .
 *(.app_charge_handler.0)
 .app_charge_handler.0
                0x040cda7c        0x4 cpu/br50/tools/sdk.elf.o
                0x040cda7c                device_charge_msg_entry
 *(.app_charge_handler.1)
 .app_charge_handler.1
                0x040cda80        0x4 cpu/br50/tools/sdk.elf.o
                0x040cda80                testbox_charge_msg_entry
                0x040cda84                app_charge_handler_end = .
                0x040cda84                . = ALIGN (0x4)
                0x040cda84                scene_ability_begin = .
 *(.scene_ability)
                0x040cda84                scene_ability_end = .
                0x040cda84                . = ALIGN (0x4)
                0x040cda84                stream_node_adapter_begin = .
 *(.stream_node_adapter)
 .stream_node_adapter
                0x040cda84      0x2bc cpu/br50/tools/sdk.elf.o
                0x040cda84                esco_tx_adapter
                0x040cdaa0                plc_node_adapter
                0x040cdabc                volume_node_adapter
                0x040cdad8                cvp_node_adapter
                0x040cdaf4                spatial_effects_node_adapter
                0x040cdb10                limiter_node_adapter
                0x040cdb2c                source_node_adapter
                0x040cdb48                sound_splitter_node_adapter
                0x040cdb64                eq_node_adapter
                0x040cdb80                encoder_node_adapter
                0x040cdb9c                convert_data_round_node_adapter
                0x040cdbb8                convert_node_adapter
                0x040cdbd4                three_band_merge_node_adapter
                0x040cdbf0                two_band_merge_node_adapter
                0x040cdc0c                bt_audio_sync_node_adapter
                0x040cdc28                capture_sync_adapter
                0x040cdc44                clk_sync_node_adapter
                0x040cdc60                resample_node_adapter
                0x040cdc7c                dac_node_adapter
                0x040cdc98                gain_node_adapter
                0x040cdcb4                split_gain_node_adapter
                0x040cdcd0                steromix_node_adapter
                0x040cdcec                decoder_node_adapter
                0x040cdd08                channel_expander_node_adapter
                0x040cdd24                channel_merge_node_adapter
                0x040cdd40                stream_node_adapter_end = .
                0x040cdd40                . = ALIGN (0x4)
                0x040cdd40                source_node_plug_begin = .
 *(.source_node_plug)
 .source_node_plug
                0x040cdd40       0xa8 cpu/br50/tools/sdk.elf.o
                0x040cdd40                a2dp_file_plug
                0x040cdd5c                esco_file_plug
                0x040cdd78                adc_file_plug
                0x040cdd94                key_tone_file_plug
                0x040cddb0                ring_file_plug
                0x040cddcc                tone_file_plug
                0x040cdde8                source_node_plug_end = .
                0x040cdde8                . = ALIGN (0x4)
                0x040cdde8                decoder_plug_begin = .
 *(.decoder_plug)
 .decoder_plug  0x040cdde8       0x78 cpu/br50/tools/sdk.elf.o
                0x040cdde8                aac_dec_plug
                0x040cddfc                cvsd_decoder_plug
                0x040cde10                msbc_decoder_hw_plug
                0x040cde24                sine_dec_plug
                0x040cde38                sbc_decoder_hw_plug
                0x040cde4c                wts_dec_plug
                0x040cde60                decoder_plug_end = .
                0x040cde60                . = ALIGN (0x4)
                0x040cde60                encoder_plug_begin = .
 *(.encoder_plug)
 .encoder_plug  0x040cde60       0x28 cpu/br50/tools/sdk.elf.o
                0x040cde60                msbc_encoder_plug
                0x040cde74                cvsd_encoder_plug
                0x040cde88                encoder_plug_end = .
                0x040cde88                . = ALIGN (0x4)
                0x040cde88                audio_package_begin = .
 *(.audio_package_handler)
                0x040cde88                audio_package_end = .
                0x040cde88                . = ALIGN (0x4)
                0x040cde88                tool_interface_begin = .
 *(.tool_interface)
 .tool_interface
                0x040cde88       0x18 cpu/br50/tools/sdk.elf.o
                0x040cdea0                tool_interface_end = .
                0x040cdea0                . = ALIGN (0x4)
                0x040cdea0                effects_online_adjust_begin = .
 *(.effects_online_adjust)
 .effects_online_adjust
                0x040cdea0       0x16 cpu/br50/tools/sdk.elf.o
                0x040cdeb6                effects_online_adjust_end = .
                0x040cdeb8                . = ALIGN (0x4)
 *fill*         0x040cdeb6        0x2 
                0x040cdeb8                tws_tone_cb_begin = .
 *(.tws_tone_callback)
 .tws_tone_callback
                0x040cdeb8       0x24 cpu/br50/tools/sdk.elf.o
                0x040cdedc                tws_tone_cb_end = .
                0x040cdedc                . = ALIGN (0x4)
                0x040cdedc                vm_reg_id_begin = .
 *(.vm_manage_id_text)
                0x040cdedc                vm_reg_id_end = .
 *(.opcore_table_maskrom)
 *(.bfilt_table_maskroom)
 *(.bfilt_code)
 *(.bfilt_const)
                0x040cdedc                . = ALIGN (0x4)
                0x040cdedc                __VERSION_BEGIN = .
 *(.sys.version)
 .sys.version   0x040cdedc       0x1a objs/apps/earphone/sdk_version.z.S.o
                0x040cdef6                __VERSION_END = .
 *(.noop_version)
                0x040cdef8                . = ALIGN (0x4)
 *fill*         0x040cdef6        0x2 
                0x040cdef8                . = ALIGN (0x4)
                0x040cdef8                __a2dp_text_cache_L2_start = .
 *(.movable.region.1)
                0x040cdef8                . = ALIGN (0x4)
                0x040cdef8                __a2dp_text_cache_L2_end = .
                0x040cdef8                . = ALIGN (0x4)
 *(.crypto_ecdh_code)
 *(.crypto_ecdh_const)
 *(.crypto_bigint_code)
 .crypto_bigint_code
                0x040cdef8      0x3e0 cpu/br50/tools/sdk.elf.o
 *(.crypto_bigint_const)
 *(.crypto_code)
 .crypto_code   0x040ce2d8      0x8ee cpu/br50/tools/sdk.elf.o
 *(.crypto_const)
 *fill*         0x040cebc6        0x2 
 .crypto_const  0x040cebc8      0x171 cpu/br50/tools/sdk.elf.o
 *(.ECDH_sample_code)
 *(.ECDH_sample_const)
 *(.uECC_code)
 *fill*         0x040ced39        0x1 
 .uECC_code     0x040ced3a      0xde8 cpu/br50/tools/sdk.elf.o
 *(.uECC_const)
 *fill*         0x040cfb22        0x2 
 .uECC_const    0x040cfb24      0x160 cpu/br50/tools/sdk.elf.o
 *(.hmac_code)
 *(.hmac_const)
 *(.hash_sample_code)
 *(.hash_sample_const)
 *(.aes_cmac_sample_code)
 *(.aes_cmac_sample_const)
 *(.ble_ll_const)
 *(.ble_ll_code)
                0x040cfc84                . = ALIGN (0x4)
                0x040cfc84                tws_sync_call_begin = .
 *(.tws_sync_call)
 .tws_sync_call
                0x040cfc84       0x54 cpu/br50/tools/sdk.elf.o
                0x040cfcd8                tws_sync_call_end = .
                0x040cfcd8                . = ALIGN (0x4)
                0x040cfcd8                tws_func_stub_begin = .
 *(.tws_func_stub)
 .tws_func_stub
                0x040cfcd8       0xc8 cpu/br50/tools/sdk.elf.o
                0x040cfda0                tws_func_stub_end = .
                0x040cfda0                . = ALIGN (0x4)
                0x040cfda0                tlcap_channel_begin = .
 *(.tlcap_channel)
 .tlcap_channel
                0x040cfda0       0x54 cpu/br50/tools/sdk.elf.o
                0x040cfda0                tlcap_handler_TWS_SYS_EVENT_CHANNEL
                0x040cfdac                tlcap_handler_TLCAP_CHANNEL
                0x040cfdb8                tlcap_handler_TLSP_CHANNEL
                0x040cfdc4                tlcap_handler_TWS_POWER_BALANCE_N_CHANNEL
                0x040cfdd0                tlcap_handler_TWS_AFH_CHANNEL
                0x040cfddc                tlcap_handler_TWS_DATA_TRANS_N_CHANNEL
                0x040cfde8                tlcap_handler_TWS_ESCO_STATUS_CHANNEL
                0x040cfdf4                tlcap_channel_end = .
                0x040cfdf4                . = ALIGN (0x4)
                0x040cfdf4                _record_handle_begin = .
                0x040cfdf4                PROVIDE (record_handle_begin, .)
 *(.debug_record_handle_ops)
                0x040cfdf4                _record_handle_end = .
                0x040cfdf4                PROVIDE (record_handle_end, .)
                0x040cfdf4                . = ALIGN (0x4)
                0x040cfdf4                _SPI_CODE_START = .
 *(.spi_code)
                0x040cfdf4                . = ALIGN (0x4)
                0x040cfdf4                _SPI_CODE_END = .
                0x040cfe00                . = ALIGN (0x20)
 *fill*         0x040cfdf4        0xc 
                0x040cfe00                gsensor_dev_begin = .
 *(.gsensor_dev)
                0x040cfe00                gsensor_dev_end = .
                0x040cfe00                imusensor_dev_begin = .
 *(.imusensor_dev)
                0x040cfe00                imusensor_dev_end = .
                0x040cfe00                hrsensor_dev_begin = .
 *(.hrsensor_dev)
                0x040cfe00                hrsensor_dev_end = .
                0x040cfe00                fm_dev_begin = .
 *(.fm_dev)
                0x040cfe00                fm_dev_end = .
                0x040cfe00                fm_emitter_dev_begin = .
 *(.fm_emitter_dev)
                0x040cfe00                fm_emitter_dev_end = .
                0x040cfe00                storage_device_begin = .
 *(.storage_device)
                0x040cfe00                storage_device_end = .
                0x040cfe00                . = ALIGN (0x4)
                0x040cfe00                key_ops_begin = .
 *(.key_operation)
 .key_operation
                0x040cfe00       0x18 cpu/br50/tools/sdk.elf.o
                0x040cfe00                iokey
                0x040cfe18                key_ops_end = .
                0x040cfe18                . = ALIGN (0x4)
                0x040cfe18                key_callback_begin = .
 *(.key_cb)
                0x040cfe18                key_callback_end = .
                0x040cfe20                . = ALIGN (0x20)
 *fill*         0x040cfe18        0x8 
                0x040cfe20                update_code_start = .
 *(.bt_updata_ram_code)
 *(.update_const)
 .update_const  0x040cfe20      0x17c cpu/br50/tools/sdk.elf.o
 *(.update_code)
 .update_code   0x040cff9c     0x220a cpu/br50/tools/sdk.elf.o
                0x040d21a8                . = ALIGN (0x4)
 *fill*         0x040d21a6        0x2 
                0x040d21a8                passive_update_fun_begin = .
 *(.passive_update_fun)
                0x040d21a8                passive_update_fun_end = .
                0x040d21a8                . = ALIGN (0x4)
                0x040d21a8                update_code_end = .
                0x040d21a8                . = ALIGN (0x4)
                0x040d21a8                btstack_code_start = .